Component: ARM Compiler 5.06 update 6 (build 750) Tool: armlink [4d35ed]

==============================================================================

Section Cross References

    startup_stm32f407xx.o(RESET) refers to startup_stm32f407xx.o(STACK) for __initial_sp
    startup_stm32f407xx.o(RESET) refers to startup_stm32f407xx.o(.text) for Reset_Handler
    startup_stm32f407xx.o(RESET) refers to stm32f4xx_it.o(i.NMI_Handler) for NMI_Handler
    startup_stm32f407xx.o(RESET) refers to stm32f4xx_it.o(i.HardFault_Handler) for HardFault_Handler
    startup_stm32f407xx.o(RESET) refers to stm32f4xx_it.o(i.MemManage_Handler) for MemManage_Handler
    startup_stm32f407xx.o(RESET) refers to stm32f4xx_it.o(i.BusFault_Handler) for BusFault_Handler
    startup_stm32f407xx.o(RESET) refers to stm32f4xx_it.o(i.UsageFault_Handler) for UsageFault_Handler
    startup_stm32f407xx.o(RESET) refers to stm32f4xx_it.o(i.DebugMon_Handler) for DebugMon_Handler
    startup_stm32f407xx.o(RESET) refers to stm32f4xx_it.o(i.TIM3_IRQHandler) for TIM3_IRQHandler
    startup_stm32f407xx.o(RESET) refers to stm32f4xx_it.o(i.USART1_IRQHandler) for USART1_IRQHandler
    startup_stm32f407xx.o(RESET) refers to stm32f4xx_it.o(i.TIM5_IRQHandler) for TIM5_IRQHandler
    startup_stm32f407xx.o(RESET) refers to stm32f4xx_it.o(i.DMA2_Stream2_IRQHandler) for DMA2_Stream2_IRQHandler
    startup_stm32f407xx.o(RESET) refers to stm32f4xx_it.o(i.DMA2_Stream7_IRQHandler) for DMA2_Stream7_IRQHandler
    startup_stm32f407xx.o(RESET) refers to stm32f4xx_it.o(i.OTG_HS_IRQHandler) for OTG_HS_IRQHandler
    startup_stm32f407xx.o(.text) refers to system_stm32f4xx.o(i.SystemInit) for SystemInit
    startup_stm32f407xx.o(.text) refers to entry.o(.ARM.Collect$$$$00000000) for __main
    main.o(i.HAL_TIM_PeriodElapsedCallback) refers to stm32f4xx_hal.o(i.HAL_IncTick) for HAL_IncTick
    main.o(i.MX_USB_DEVICE_Init) refers to usbd_core.o(i.USBD_Init) for USBD_Init
    main.o(i.MX_USB_DEVICE_Init) refers to usbd_cdc.o(i.USBD_CDC_RegisterInterface) for USBD_CDC_RegisterInterface
    main.o(i.MX_USB_DEVICE_Init) refers to usbd_core.o(i.USBD_RegisterClassComposite) for USBD_RegisterClassComposite
    main.o(i.MX_USB_DEVICE_Init) refers to usbd_core.o(i.USBD_Start) for USBD_Start
    main.o(i.MX_USB_DEVICE_Init) refers to usbd_desc.o(.data) for FS_Desc
    main.o(i.MX_USB_DEVICE_Init) refers to main.o(.bss) for .bss
    main.o(i.MX_USB_DEVICE_Init) refers to usbd_cdc_if.o(.data) for USBD_Interface_fops_HS
    main.o(i.MX_USB_DEVICE_Init) refers to usbd_cdc.o(.data) for USBD_CDC
    main.o(i.MX_USB_DEVICE_Init) refers to usbd_nex_link.o(.data) for USBD_NEX_LINK
    main.o(i.SystemClock_Config) refers to memseta.o(.text) for __aeabi_memclr4
    main.o(i.SystemClock_Config) refers to stm32f4xx_hal_rcc.o(i.HAL_RCC_OscConfig) for HAL_RCC_OscConfig
    main.o(i.SystemClock_Config) refers to stm32f4xx_hal_rcc.o(i.HAL_RCC_ClockConfig) for HAL_RCC_ClockConfig
    main.o(i.main) refers to stm32f4xx_hal.o(i.HAL_Init) for HAL_Init
    main.o(i.main) refers to main.o(i.SystemClock_Config) for SystemClock_Config
    main.o(i.main) refers to gpio.o(i.MX_GPIO_Init) for MX_GPIO_Init
    main.o(i.main) refers to dma.o(i.MX_DMA_Init) for MX_DMA_Init
    main.o(i.main) refers to usart.o(i.MX_USART1_UART_Init) for MX_USART1_UART_Init
    main.o(i.main) refers to tim.o(i.MX_TIM13_Init) for MX_TIM13_Init
    main.o(i.main) refers to crc.o(i.MX_CRC_Init) for MX_CRC_Init
    main.o(i.main) refers to rng.o(i.MX_RNG_Init) for MX_RNG_Init
    main.o(i.main) refers to rtc.o(i.MX_RTC_Init) for MX_RTC_Init
    main.o(i.main) refers to tim.o(i.MX_TIM3_Init) for MX_TIM3_Init
    main.o(i.main) refers to stm32f4xx_hal_uart.o(i.HAL_UARTEx_ReceiveToIdle_DMA) for HAL_UARTEx_ReceiveToIdle_DMA
    main.o(i.main) refers to main.o(i.MX_USB_DEVICE_Init) for MX_USB_DEVICE_Init
    main.o(i.main) refers to stm32f4xx_hal.o(i.HAL_Delay) for HAL_Delay
    main.o(i.main) refers to stm32f4xx_hal.o(i.HAL_GetTick) for HAL_GetTick
    main.o(i.main) refers to printfa.o(i.__0snprintf) for __2snprintf
    main.o(i.main) refers to usbd_cdc_if.o(i.CDC_SendString) for CDC_SendString
    main.o(i.main) refers to usart.o(.bss) for Uart_Recv1_Buf
    main.o(i.main) refers to usart.o(.bss) for huart1
    gpio.o(i.MX_GPIO_Init) refers to memseta.o(.text) for __aeabi_memclr4
    gpio.o(i.MX_GPIO_Init) refers to stm32f4xx_hal_gpio.o(i.HAL_GPIO_WritePin) for HAL_GPIO_WritePin
    gpio.o(i.MX_GPIO_Init) refers to stm32f4xx_hal_gpio.o(i.HAL_GPIO_Init) for HAL_GPIO_Init
    crc.o(i.MX_CRC_Init) refers to stm32f4xx_hal_crc.o(i.HAL_CRC_Init) for HAL_CRC_Init
    crc.o(i.MX_CRC_Init) refers to main.o(i.Error_Handler) for Error_Handler
    crc.o(i.MX_CRC_Init) refers to crc.o(.data) for .data
    dma.o(i.MX_DMA_Init) refers to stm32f4xx_hal_cortex.o(i.HAL_NVIC_SetPriority) for HAL_NVIC_SetPriority
    dma.o(i.MX_DMA_Init) refers to stm32f4xx_hal_cortex.o(i.HAL_NVIC_EnableIRQ) for HAL_NVIC_EnableIRQ
[...]
    _printf_i                                0x00000000   Number         0  stubs.o ABSOLUTE
    _printf_int_dec                          0x00000000   Number         0  stubs.o ABSOLUTE
    _printf_l                                0x00000000   Number         0  stubs.o ABSOLUTE
    _printf_lc                               0x00000000   Number         0  stubs.o ABSOLUTE
    _printf_ll                               0x00000000   Number         0  stubs.o ABSOLUTE
    _printf_lld                              0x00000000   Number         0  stubs.o ABSOLUTE
    _printf_lli                              0x00000000   Number         0  stubs.o ABSOLUTE
    _printf_llo                              0x00000000   Number         0  stubs.o ABSOLUTE
    _printf_llu                              0x00000000   Number         0  stubs.o ABSOLUTE
    _printf_llx                              0x00000000   Number         0  stubs.o ABSOLUTE
    _printf_longlong_dec                     0x00000000   Number         0  stubs.o ABSOLUTE
    _printf_longlong_hex                     0x00000000   Number         0  stubs.o ABSOLUTE
    _printf_longlong_oct                     0x00000000   Number         0  stubs.o ABSOLUTE
    _printf_ls                               0x00000000   Number         0  stubs.o ABSOLUTE
    _printf_mbtowc                           0x00000000   Number         0  stubs.o ABSOLUTE
    _printf_n                                0x00000000   Number         0  stubs.o ABSOLUTE
    _printf_o                                0x00000000   Number         0  stubs.o ABSOLUTE
    _printf_p                                0x00000000   Number         0  stubs.o ABSOLUTE
    _printf_percent                          0x00000000   Number         0  stubs.o ABSOLUTE
    _printf_pre_padding                      0x00000000   Number         0  stubs.o ABSOLUTE
    _printf_return_value                     0x00000000   Number         0  stubs.o ABSOLUTE
    _printf_s                                0x00000000   Number         0  stubs.o ABSOLUTE
    _printf_sizespec                         0x00000000   Number         0  stubs.o ABSOLUTE
    _printf_str                              0x00000000   Number         0  stubs.o ABSOLUTE
    _printf_truncate_signed                  0x00000000   Number         0  stubs.o ABSOLUTE
    _printf_truncate_unsigned                0x00000000   Number         0  stubs.o ABSOLUTE
    _printf_u                                0x00000000   Number         0  stubs.o ABSOLUTE
    _printf_wc                               0x00000000   Number         0  stubs.o ABSOLUTE
    _printf_wctomb                           0x00000000   Number         0  stubs.o ABSOLUTE
    _printf_widthprec                        0x00000000   Number         0  stubs.o ABSOLUTE
    _printf_x                                0x00000000   Number         0  stubs.o ABSOLUTE
    __cpp_initialize__aeabi_                  - Undefined Weak Reference
    __cxa_finalize                            - Undefined Weak Reference
    _clock_init                               - Undefined Weak Reference
    _microlib_exit                            - Undefined Weak Reference
    __Vectors_Size                           0x00000188   Number         0  startup_stm32f407xx.o ABSOLUTE
    __Vectors                                0x08000000   Data           4  startup_stm32f407xx.o(RESET)
    __Vectors_End                            0x08000188   Data           0  startup_stm32f407xx.o(RESET)
    __main                                   0x08000189   Thumb Code     0  entry.o(.ARM.Collect$$$$00000000)
    _main_stk                                0x08000189   Thumb Code     0  entry2.o(.ARM.Collect$$$$00000001)
    _main_scatterload                        0x0800018d   Thumb Code     0  entry5.o(.ARM.Collect$$$$00000004)
    __main_after_scatterload                 0x08000191   Thumb Code     0  entry5.o(.ARM.Collect$$$$00000004)
    _main_clock                              0x08000191   Thumb Code     0  entry7b.o(.ARM.Collect$$$$00000008)
    _main_cpp_init                           0x08000191   Thumb Code     0  entry8b.o(.ARM.Collect$$$$0000000A)
    _main_init                               0x08000191   Thumb Code     0  entry9a.o(.ARM.Collect$$$$0000000B)
    __rt_final_cpp                           0x08000199   Thumb Code     0  entry10a.o(.ARM.Collect$$$$0000000D)
    __rt_final_exit                          0x08000199   Thumb Code     0  entry11a.o(.ARM.Collect$$$$0000000F)
    Reset_Handler                            0x0800019d   Thumb Code     8  startup_stm32f407xx.o(.text)
    SVC_Handler                              0x080001af   Thumb Code     2  startup_stm32f407xx.o(.text)
    PendSV_Handler                           0x080001b3   Thumb Code     2  startup_stm32f407xx.o(.text)
    SysTick_Handler                          0x080001b5   Thumb Code     2  startup_stm32f407xx.o(.text)
    ADC_IRQHandler                           0x080001b7   Thumb Code     0  startup_stm32f407xx.o(.text)
    CAN1_RX0_IRQHandler                      0x080001b7   Thumb Code     0  startup_stm32f407xx.o(.text)
    CAN1_RX1_IRQHandler                      0x080001b7   Thumb Code     0  startup_stm32f407xx.o(.text)
    CAN1_SCE_IRQHandler                      0x080001b7   Thumb Code     0  startup_stm32f407xx.o(.text)
    CAN1_TX_IRQHandler                       0x080001b7   Thumb Code     0  startup_stm32f407xx.o(.text)
    CAN2_RX0_IRQHandler                      0x080001b7   Thumb Code     0  startup_stm32f407xx.o(.text)
    CAN2_RX1_IRQHandler                      0x080001b7   Thumb Code     0  startup_stm32f407xx.o(.text)
    CAN2_SCE_IRQHandler                      0x080001b7   Thumb Code     0  startup_stm32f407xx.o(.text)
    CAN2_TX_IRQHandler                       0x080001b7   Thumb Code     0  startup_stm32f407xx.o(.text)
    DCMI_IRQHandler                          0x080001b7   Thumb Code     0  startup_stm32f407xx.o(.text)
    DMA1_Stream0_IRQHandler                  0x080001b7   Thumb Code     0  startup_stm32f407xx.o(.text)
    DMA1_Stream1_IRQHandler                  0x080001b7   Thumb Code     0  startup_stm32f407xx.o(.text)
    DMA1_Stream2_IRQHandler                  0x080001b7   Thumb Code     0  startup_stm32f407xx.o(.text)
    DMA1_Stream3_IRQHandler                  0x080001b7   Thumb Code     0  startup_stm32f407xx.o(.text)
    DMA1_Stream4_IRQHandler                  0x080001b7   Thumb Code     0  startup_stm32f407xx.o(.text)
    DMA1_Stream5_IRQHandler                  0x080001b7   Thumb Code     0  startup_stm32f407xx.o(.text)
    DMA1_Stream6_IRQHandler                  0x080001b7   Thumb Code     0  startup_stm32f407xx.o(.text)
    DMA1_Stream7_IRQHandler                  0x080001b7   Thumb Code     0  startup_stm32f407xx.o(.text)
    DMA2_Stream0_IRQHandler                  0x080001b7   Thumb Code     0  startup_stm32f407xx.o(.text)
    DMA2_Stream1_IRQHandler                  0x080001b7   Thumb Code     0  startup_stm32f407xx.o(.text)
    DMA2_Stream3_IRQHandler                  0x080001b7   Thumb Code     0  startup_stm32f407xx.o(.text)
    DMA2_Stream4_IRQHandler                  0x080001b7   Thumb Code     0  startup_stm32f407xx.o(.text)
    DMA2_Stream5_IRQHandler                  0x080001b7   Thumb Code     0  startup_stm32f407xx.o(.text)
    DMA2_Stream6_IRQHandler                  0x080001b7   Thumb Code     0  startup_stm32f407xx.o(.text)
    ETH_IRQHandler                           0x080001b7   Thumb Code     0  startup_stm32f407xx.o(.text)
    ETH_WKUP_IRQHandler                      0x080001b7   Thumb Code     0  startup_stm32f407xx.o(.text)
    EXTI0_IRQHandler                         0x080001b7   Thumb Code     0  startup_stm32f407xx.o(.text)
    EXTI15_10_IRQHandler                     0x080001b7   Thumb Code     0  startup_stm32f407xx.o(.text)
    EXTI1_IRQHandler                         0x080001b7   Thumb Code     0  startup_stm32f407xx.o(.text)
    EXTI2_IRQHandler                         0x080001b7   Thumb Code     0  startup_stm32f407xx.o(.text)
    EXTI3_IRQHandler                         0x080001b7   Thumb Code     0  startup_stm32f407xx.o(.text)
    EXTI4_IRQHandler                         0x080001b7   Thumb Code     0  startup_stm32f407xx.o(.text)
    EXTI9_5_IRQHandler                       0x080001b7   Thumb Code     0  startup_stm32f407xx.o(.text)
    FLASH_IRQHandler                         0x080001b7   Thumb Code     0  startup_stm32f407xx.o(.text)
    FMC_IRQHandler                           0x080001b7   Thumb Code     0  startup_stm32f407xx.o(.text)
    FPU_IRQHandler                           0x080001b7   Thumb Code     0  startup_stm32f407xx.o(.text)
    HASH_RNG_IRQHandler                      0x080001b7   Thumb Code     0  startup_stm32f407xx.o(.text)
    I2C1_ER_IRQHandler                       0x080001b7   Thumb Code     0  startup_stm32f407xx.o(.text)
    I2C1_EV_IRQHandler                       0x080001b7   Thumb Code     0  startup_stm32f407xx.o(.text)
    I2C2_ER_IRQHandler                       0x080001b7   Thumb Code     0  startup_stm32f407xx.o(.text)
    I2C2_EV_IRQHandler                       0x080001b7   Thumb Code     0  startup_stm32f407xx.o(.text)
    I2C3_ER_IRQHandler                       0x080001b7   Thumb Code     0  startup_stm32f407xx.o(.text)
    I2C3_EV_IRQHandler                       0x080001b7   Thumb Code     0  startup_stm32f407xx.o(.text)
    OTG_FS_IRQHandler                        0x080001b7   Thumb Code     0  startup_stm32f407xx.o(.text)
    OTG_FS_WKUP_IRQHandler                   0x080001b7   Thumb Code     0  startup_stm32f407xx.o(.text)
    OTG_HS_EP1_IN_IRQHandler                 0x080001b7   Thumb Code     0  startup_stm32f407xx.o(.text)
    OTG_HS_EP1_OUT_IRQHandler                0x080001b7   Thumb Code     0  startup_stm32f407xx.o(.text)
    OTG_HS_WKUP_IRQHandler                   0x080001b7   Thumb Code     0  startup_stm32f407xx.o(.text)
    PVD_IRQHandler                           0x080001b7   Thumb Code     0  startup_stm32f407xx.o(.text)
    RCC_IRQHandler                           0x080001b7   Thumb Code     0  startup_stm32f407xx.o(.text)
    RTC_Alarm_IRQHandler                     0x080001b7   Thumb Code     0  startup_stm32f407xx.o(.text)
    RTC_WKUP_IRQHandler                      0x080001b7   Thumb Code     0  startup_stm32f407xx.o(.text)
    SDIO_IRQHandler                          0x080001b7   Thumb Code     0  startup_stm32f407xx.o(.text)
    SPI1_IRQHandler                          0x080001b7   Thumb Code     0  startup_stm32f407xx.o(.text)
    SPI2_IRQHandler                          0x080001b7   Thumb Code     0  startup_stm32f407xx.o(.text)
    SPI3_IRQHandler                          0x080001b7   Thumb Code     0  startup_stm32f407xx.o(.text)
    TAMP_STAMP_IRQHandler                    0x080001b7   Thumb Code     0  startup_stm32f407xx.o(.text)
    TIM1_BRK_TIM9_IRQHandler                 0x080001b7   Thumb Code     0  startup_stm32f407xx.o(.text)
    TIM1_CC_IRQHandler                       0x080001b7   Thumb Code     0  startup_stm32f407xx.o(.text)
    TIM1_TRG_COM_TIM11_IRQHandler            0x080001b7   Thumb Code     0  startup_stm32f407xx.o(.text)
    TIM1_UP_TIM10_IRQHandler                 0x080001b7   Thumb Code     0  startup_stm32f407xx.o(.text)
    TIM2_IRQHandler                          0x080001b7   Thumb Code     0  startup_stm32f407xx.o(.text)
    TIM4_IRQHandler                          0x080001b7   Thumb Code     0  startup_stm32f407xx.o(.text)
    TIM6_DAC_IRQHandler                      0x080001b7   Thumb Code     0  startup_stm32f407xx.o(.text)
    TIM7_IRQHandler                          0x080001b7   Thumb Code     0  startup_stm32f407xx.o(.text)
    TIM8_BRK_TIM12_IRQHandler                0x080001b7   Thumb Code     0  startup_stm32f407xx.o(.text)
    TIM8_CC_IRQHandler                       0x080001b7   Thumb Code     0  startup_stm32f407xx.o(.text)
    TIM8_TRG_COM_TIM14_IRQHandler            0x080001b7   Thumb Code     0  startup_stm32f407xx.o(.text)
    TIM8_UP_TIM13_IRQHandler                 0x080001b7   Thumb Code     0  startup_stm32f407xx.o(.text)
    UART4_IRQHandler                         0x080001b7   Thumb Code     0  startup_stm32f407xx.o(.text)
    UART5_IRQHandler                         0x080001b7   Thumb Code     0  startup_stm32f407xx.o(.text)
    USART2_IRQHandler                        0x080001b7   Thumb Code     0  startup_stm32f407xx.o(.text)
    USART3_IRQHandler                        0x080001b7   Thumb Code     0  startup_stm32f407xx.o(.text)
    USART6_IRQHandler                        0x080001b7   Thumb Code     0  startup_stm32f407xx.o(.text)
    WWDG_IRQHandler                          0x080001b7   Thumb Code     0  startup_stm32f407xx.o(.text)
    __aeabi_uldivmod                         0x080001c1   Thumb Code    98  uldiv.o(.text)
    __aeabi_memcpy                           0x08000223   Thumb Code    36  memcpya.o(.text)
    __aeabi_memcpy4                          0x08000223   Thumb Code     0  memcpya.o(.text)
    __aeabi_memcpy8                          0x08000223   Thumb Code     0  memcpya.o(.text)
    __aeabi_memset                           0x08000247   Thumb Code    14  memseta.o(.text)
    __aeabi_memset4                          0x08000247   Thumb Code     0  memseta.o(.text)
    __aeabi_memset8                          0x08000247   Thumb Code     0  memseta.o(.text)
    __aeabi_memclr                           0x08000255   Thumb Code     4  memseta.o(.text)
    __aeabi_memclr4                          0x08000255   Thumb Code     0  memseta.o(.text)
    __aeabi_memclr8                          0x08000255   Thumb Code     0  memseta.o(.text)
    _memset$wrapper                          0x08000259   Thumb Code    18  memseta.o(.text)
    __aeabi_uidiv                            0x0800026b   Thumb Code     0  uidiv.o(.text)
    __aeabi_uidivmod                         0x0800026b   Thumb Code    44  uidiv.o(.text)
    __aeabi_llsl                             0x08000297   Thumb Code    30  llshl.o(.text)
    _ll_shift_l                              0x08000297   Thumb Code     0  llshl.o(.text)
    __aeabi_llsr                             0x080002b5   Thumb Code    32  llushr.o(.text)
    _ll_ushift_r                             0x080002b5   Thumb Code     0  llushr.o(.text)
    __I$use$fp                               0x080002d5   Thumb Code     0  iusefp.o(.text)
    __aeabi_dadd                             0x080002d5   Thumb Code   322  dadd.o(.text)
    __aeabi_dsub                             0x08000417   Thumb Code     6  dadd.o(.text)
    __aeabi_drsub                            0x0800041d   Thumb Code     6  dadd.o(.text)
    __aeabi_dmul                             0x08000423   Thumb Code   228  dmul.o(.text)
    __aeabi_ddiv                             0x08000507   Thumb Code   222  ddiv.o(.text)
    __aeabi_d2ulz                            0x080005e5   Thumb Code    48  dfixul.o(.text)
    __aeabi_cdrcmple                         0x08000615   Thumb Code    48  cdrcmple.o(.text)
    __scatterload                            0x08000645   Thumb Code    28  init.o(.text)
    __scatterload_rt2                        0x08000645   Thumb Code     0  init.o(.text)
    __aeabi_lasr                             0x08000669   Thumb Code    36  llsshr.o(.text)
    _ll_sshift_r                             0x08000669   Thumb Code     0  llsshr.o(.text)
    _double_round                            0x0800068d   Thumb Code    30  depilogue.o(.text)
    _double_epilogue                         0x080006ab   Thumb Code   156  depilogue.o(.text)
    __decompress                             0x08000747   Thumb Code     0  __dczerorl2.o(.text)
    __decompress1                            0x08000747   Thumb Code    86  __dczerorl2.o(.text)
    BusFault_Handler                         0x0800079d   Thumb Code     2  stm32f4xx_it.o(i.BusFault_Handler)
    CDC_SendString                           0x08000801   Thumb Code    28  usbd_cdc_if.o(i.CDC_SendString)
    CDC_Transmit_HS                          0x08000821   Thumb Code    50  usbd_cdc_if.o(i.CDC_Transmit_HS)
    DMA2_Stream2_IRQHandler                  0x0800085d   Thumb Code     6  stm32f4xx_it.o(i.DMA2_Stream2_IRQHandler)
    DMA2_Stream7_IRQHandler                  0x08000869   Thumb Code     6  stm32f4xx_it.o(i.DMA2_Stream7_IRQHandler)
    DebugMon_Handler                         0x08000919   Thumb Code     2  stm32f4xx_it.o(i.DebugMon_Handler)
    Error_Handler                            0x0800091b   Thumb Code     4  main.o(i.Error_Handler)
    HAL_CRC_Init                             0x0800091f   Thumb Code    34  stm32f4xx_hal_crc.o(i.HAL_CRC_Init)
    HAL_CRC_MspInit                          0x08000941   Thumb Code    30  crc.o(i.HAL_CRC_MspInit)
    HAL_DMA_Abort                            0x08000969   Thumb Code   146  stm32f4xx_hal_dma.o(i.HAL_DMA_Abort)
    HAL_DMA_Abort_IT                         0x080009fb   Thumb Code    36  stm32f4xx_hal_dma.o(i.HAL_DMA_Abort_IT)
    HAL_DMA_IRQHandler                       0x08000a21   Thumb Code   412  stm32f4xx_hal_dma.o(i.HAL_DMA_IRQHandler)
    HAL_DMA_Init                             0x08000bc1   Thumb Code   206  stm32f4xx_hal_dma.o(i.HAL_DMA_Init)
    HAL_DMA_Start_IT                         0x08000c95   Thumb Code   110  stm32f4xx_hal_dma.o(i.HAL_DMA_Start_IT)
    HAL_Delay                                0x08000d05   Thumb Code    32  stm32f4xx_hal.o(i.HAL_Delay)
    HAL_GPIO_Init                            0x08000d29   Thumb Code   450  stm32f4xx_hal_gpio.o(i.HAL_GPIO_Init)
    HAL_GPIO_WritePin                        0x08000f19   Thumb Code    10  stm32f4xx_hal_gpio.o(i.HAL_GPIO_WritePin)
    HAL_GetTick                              0x08000f25   Thumb Code     6  stm32f4xx_hal.o(i.HAL_GetTick)
    HAL_IncTick                              0x08000f31   Thumb Code    12  stm32f4xx_hal.o(i.HAL_IncTick)
    HAL_Init                                 0x08000f41   Thumb Code    48  stm32f4xx_hal.o(i.HAL_Init)
    HAL_InitTick                             0x08000f75   Thumb Code   100  stm32f4xx_hal_timebase_tim.o(i.HAL_InitTick)
    HAL_MspInit                              0x08000fe9   Thumb Code    52  stm32f4xx_hal_msp.o(i.HAL_MspInit)
    HAL_NVIC_EnableIRQ                       0x08001021   Thumb Code    26  stm32f4xx_hal_cortex.o(i.HAL_NVIC_EnableIRQ)
    HAL_NVIC_SetPriority                     0x0800103d   Thumb Code    60  stm32f4xx_hal_cortex.o(i.HAL_NVIC_SetPriority)
    HAL_NVIC_SetPriorityGrouping             0x0800107d   Thumb Code    26  stm32f4xx_hal_cortex.o(i.HAL_NVIC_SetPriorityGrouping)
    HAL_NVIC_SystemReset                     0x080010a1   Thumb Code    26  stm32f4xx_hal_cortex.o(i.HAL_NVIC_SystemReset)
    HAL_PCDEx_LPM_Callback                   0x080010c5   Thumb Code     2  stm32f4xx_hal_pcd_ex.o(i.HAL_PCDEx_LPM_Callback)
    HAL_PCDEx_SetRxFiFo                      0x080010c7   Thumb Code     8  stm32f4xx_hal_pcd_ex.o(i.HAL_PCDEx_SetRxFiFo)
    HAL_PCDEx_SetTxFiFo                      0x080010cf   Thumb Code    68  stm32f4xx_hal_pcd_ex.o(i.HAL_PCDEx_SetTxFiFo)
    HAL_PCD_ConnectCallback                  0x08001113   Thumb Code     8  usbd_conf.o(i.HAL_PCD_ConnectCallback)
    HAL_PCD_DataInStageCallback              0x0800111b   Thumb Code    18  usbd_conf.o(i.HAL_PCD_DataInStageCallback)
    HAL_PCD_DataOutStageCallback             0x0800112d   Thumb Code    20  usbd_conf.o(i.HAL_PCD_DataOutStageCallback)
    HAL_PCD_DisconnectCallback               0x08001141   Thumb Code     8  usbd_conf.o(i.HAL_PCD_DisconnectCallback)
    HAL_PCD_EP_Abort                         0x08001149   Thumb Code    30  stm32f4xx_hal_pcd.o(i.HAL_PCD_EP_Abort)
    HAL_PCD_EP_Close                         0x08001167   Thumb Code    76  stm32f4xx_hal_pcd.o(i.HAL_PCD_EP_Close)
    HAL_PCD_EP_ClrStall                      0x080011b3   Thumb Code    92  stm32f4xx_hal_pcd.o(i.HAL_PCD_EP_ClrStall)
    HAL_PCD_EP_GetRxCount                    0x0800120f   Thumb Code    18  stm32f4xx_hal_pcd.o(i.HAL_PCD_EP_GetRxCount)
    HAL_PCD_EP_Open                          0x08001221   Thumb Code    96  stm32f4xx_hal_pcd.o(i.HAL_PCD_EP_Open)
    HAL_PCD_EP_Receive                       0x08001281   Thumb Code    72  stm32f4xx_hal_pcd.o(i.HAL_PCD_EP_Receive)
    HAL_PCD_EP_SetStall                      0x080012c9   Thumb Code   116  stm32f4xx_hal_pcd.o(i.HAL_PCD_EP_SetStall)
    HAL_PCD_EP_Transmit                      0x0800133d   Thumb Code    64  stm32f4xx_hal_pcd.o(i.HAL_PCD_EP_Transmit)
    HAL_PCD_IRQHandler                       0x0800137d   Thumb Code  1376  stm32f4xx_hal_pcd.o(i.HAL_PCD_IRQHandler)
    HAL_PCD_ISOINIncompleteCallback          0x080018dd   Thumb Code     8  usbd_conf.o(i.HAL_PCD_ISOINIncompleteCallback)
    HAL_PCD_ISOOUTIncompleteCallback         0x080018e5   Thumb Code     8  usbd_conf.o(i.HAL_PCD_ISOOUTIncompleteCallback)
    HAL_PCD_Init                             0x080018ed   Thumb Code   226  stm32f4xx_hal_pcd.o(i.HAL_PCD_Init)
    HAL_PCD_MspInit                          0x080019d1   Thumb Code   194  usbd_conf.o(i.HAL_PCD_MspInit)
    HAL_PCD_ResetCallback                    0x08001aa9   Thumb Code    44  usbd_conf.o(i.HAL_PCD_ResetCallback)
    HAL_PCD_ResumeCallback                   0x08001ad5   Thumb Code     8  usbd_conf.o(i.HAL_PCD_ResumeCallback)
    HAL_PCD_SOFCallback                      0x08001add   Thumb Code     8  usbd_conf.o(i.HAL_PCD_SOFCallback)
    HAL_PCD_SetAddress                       0x08001ae5   Thumb Code    40  stm32f4xx_hal_pcd.o(i.HAL_PCD_SetAddress)
    HAL_PCD_SetupStageCallback               0x08001b0d   Thumb Code    86  usbd_conf.o(i.HAL_PCD_SetupStageCallback)
    HAL_PCD_Start                            0x08001b63   Thumb Code    66  stm32f4xx_hal_pcd.o(i.HAL_PCD_Start)
    HAL_PCD_SuspendCallback                  0x08001ba5   Thumb Code    44  usbd_conf.o(i.HAL_PCD_SuspendCallback)
    HAL_RCCEx_PeriphCLKConfig                0x08001bd5   Thumb Code   296  stm32f4xx_hal_rcc_ex.o(i.HAL_RCCEx_PeriphCLKConfig)
    HAL_RCC_ClockConfig                      0x08001d11   Thumb Code   288  stm32f4xx_hal_rcc.o(i.HAL_RCC_ClockConfig)
    HAL_RCC_GetClockConfig                   0x08001e45   Thumb Code    54  stm32f4xx_hal_rcc.o(i.HAL_RCC_GetClockConfig)
    HAL_RCC_GetHCLKFreq                      0x08001e85   Thumb Code     6  stm32f4xx_hal_rcc.o(i.HAL_RCC_GetHCLKFreq)
    HAL_RCC_GetPCLK1Freq                     0x08001e91   Thumb Code    20  stm32f4xx_hal_rcc.o(i.HAL_RCC_GetPCLK1Freq)
    HAL_RCC_GetPCLK2Freq                     0x08001eb1   Thumb Code    20  stm32f4xx_hal_rcc.o(i.HAL_RCC_GetPCLK2Freq)
    HAL_RCC_GetSysClockFreq                  0x08001ed1   Thumb Code    88  stm32f4xx_hal_rcc.o(i.HAL_RCC_GetSysClockFreq)
    HAL_RCC_OscConfig                        0x08001f31   Thumb Code   856  stm32f4xx_hal_rcc.o(i.HAL_RCC_OscConfig)
    HAL_RNG_Init                             0x0800229d   Thumb Code    50  stm32f4xx_hal_rng.o(i.HAL_RNG_Init)
    HAL_RNG_MspInit                          0x080022d1   Thumb Code    30  rng.o(i.HAL_RNG_MspInit)
    HAL_RTC_Init                             0x080022f9   Thumb Code   136  stm32f4xx_hal_rtc.o(i.HAL_RTC_Init)
    HAL_RTC_MspInit                          0x08002385   Thumb Code    48  rtc.o(i.HAL_RTC_MspInit)
    HAL_RTC_SetDate                          0x080023bd   Thumb Code   146  stm32f4xx_hal_rtc.o(i.HAL_RTC_SetDate)
    HAL_RTC_SetTime                          0x08002455   Thumb Code   186  stm32f4xx_hal_rtc.o(i.HAL_RTC_SetTime)
    HAL_RTC_WaitForSynchro                   0x08002515   Thumb Code    54  stm32f4xx_hal_rtc.o(i.HAL_RTC_WaitForSynchro)
    HAL_TIMEx_BreakCallback                  0x0800254b   Thumb Code     2  stm32f4xx_hal_tim_ex.o(i.HAL_TIMEx_BreakCallback)
    HAL_TIMEx_CommutCallback                 0x0800254d   Thumb Code     2  stm32f4xx_hal_tim_ex.o(i.HAL_TIMEx_CommutCallback)
    HAL_TIMEx_MasterConfigSynchronization    0x08002551   Thumb Code   116  stm32f4xx_hal_tim_ex.o(i.HAL_TIMEx_MasterConfigSynchronization)
    HAL_TIM_Base_Init                        0x080025e1   Thumb Code    90  stm32f4xx_hal_tim.o(i.HAL_TIM_Base_Init)
    HAL_TIM_Base_MspInit                     0x0800263d   Thumb Code    72  tim.o(i.HAL_TIM_Base_MspInit)
    HAL_TIM_Base_Start_IT                    0x08002691   Thumb Code   100  stm32f4xx_hal_tim.o(i.HAL_TIM_Base_Start_IT)
    HAL_TIM_ConfigClockSource                0x08002711   Thumb Code   220  stm32f4xx_hal_tim.o(i.HAL_TIM_ConfigClockSource)
    HAL_TIM_IC_CaptureCallback               0x080027ed   Thumb Code     2  stm32f4xx_hal_tim.o(i.HAL_TIM_IC_CaptureCallback)
    HAL_TIM_IRQHandler                       0x080027ef   Thumb Code   358  stm32f4xx_hal_tim.o(i.HAL_TIM_IRQHandler)
    HAL_TIM_MspPostInit                      0x08002955   Thumb Code    70  tim.o(i.HAL_TIM_MspPostInit)
    HAL_TIM_OC_DelayElapsedCallback          0x080029a9   Thumb Code     2  stm32f4xx_hal_tim.o(i.HAL_TIM_OC_DelayElapsedCallback)
    HAL_TIM_PWM_ConfigChannel                0x080029ab   Thumb Code   204  stm32f4xx_hal_tim.o(i.HAL_TIM_PWM_ConfigChannel)
    HAL_TIM_PWM_Init                         0x08002a77   Thumb Code    90  stm32f4xx_hal_tim.o(i.HAL_TIM_PWM_Init)
    HAL_TIM_PWM_MspInit                      0x08002ad1   Thumb Code     2  stm32f4xx_hal_tim.o(i.HAL_TIM_PWM_MspInit)
    HAL_TIM_PWM_PulseFinishedCallback        0x08002ad3   Thumb Code     2  stm32f4xx_hal_tim.o(i.HAL_TIM_PWM_PulseFinishedCallback)
    HAL_TIM_PeriodElapsedCallback            0x08002ad5   Thumb Code    14  main.o(i.HAL_TIM_PeriodElapsedCallback)
    HAL_TIM_TriggerCallback                  0x08002ae9   Thumb Code     2  stm32f4xx_hal_tim.o(i.HAL_TIM_TriggerCallback)
    HAL_UARTEx_ReceiveToIdle_DMA             0x08002aeb   Thumb Code    86  stm32f4xx_hal_uart.o(i.HAL_UARTEx_ReceiveToIdle_DMA)
    HAL_UARTEx_RxEventCallback               0x08002b41   Thumb Code     2  stm32f4xx_hal_uart.o(i.HAL_UARTEx_RxEventCallback)
    HAL_UART_ErrorCallback                   0x08002b43   Thumb Code     2  stm32f4xx_hal_uart.o(i.HAL_UART_ErrorCallback)
    HAL_UART_IRQHandler                      0x08002b45   Thumb Code   610  stm32f4xx_hal_uart.o(i.HAL_UART_IRQHandler)
    HAL_UART_Init                            0x08002dad   Thumb Code    98  stm32f4xx_hal_uart.o(i.HAL_UART_Init)
    HAL_UART_MspInit                         0x08002e11   Thumb Code   212  usart.o(i.HAL_UART_MspInit)
    HAL_UART_RxCpltCallback                  0x08002ef9   Thumb Code     2  stm32f4xx_hal_uart.o(i.HAL_UART_RxCpltCallback)
    HAL_UART_RxHalfCpltCallback              0x08002efb   Thumb Code     2  stm32f4xx_hal_uart.o(i.HAL_UART_RxHalfCpltCallback)
    HAL_UART_TxCpltCallback                  0x08002efd   Thumb Code     2  stm32f4xx_hal_uart.o(i.HAL_UART_TxCpltCallback)
    HardFault_Handler                        0x08002eff   Thumb Code     2  stm32f4xx_it.o(i.HardFault_Handler)
    MX_CRC_Init                              0x08002f39   Thumb Code    28  crc.o(i.MX_CRC_Init)
    MX_DMA_Init                              0x08002f5d   Thumb Code    56  dma.o(i.MX_DMA_Init)
    MX_GPIO_Init                             0x08002f99   Thumb Code   208  gpio.o(i.MX_GPIO_Init)
    MX_RNG_Init                              0x08003079   Thumb Code    28  rng.o(i.MX_RNG_Init)
    MX_RTC_Init                              0x0800309d   Thumb Code   120  rtc.o(i.MX_RTC_Init)
    MX_TIM13_Init                            0x0800311d   Thumb Code    94  tim.o(i.MX_TIM13_Init)
    MX_TIM3_Init                             0x08003185   Thumb Code    94  tim.o(i.MX_TIM3_Init)
    MX_USART1_UART_Init                      0x080031ed   Thumb Code    56  usart.o(i.MX_USART1_UART_Init)
    MX_USB_DEVICE_Init                       0x0800322d   Thumb Code    54  main.o(i.MX_USB_DEVICE_Init)
    MemManage_Handler                        0x08003279   Thumb Code     2  stm32f4xx_it.o(i.MemManage_Handler)
    NMI_Handler                              0x0800327b   Thumb Code     2  stm32f4xx_it.o(i.NMI_Handler)
    OTG_HS_IRQHandler                        0x0800327d   Thumb Code     6  stm32f4xx_it.o(i.OTG_HS_IRQHandler)
    RTC_ByteToBcd2                           0x080033f7   Thumb Code    24  stm32f4xx_hal_rtc.o(i.RTC_ByteToBcd2)
    RTC_EnterInitMode                        0x08003411   Thumb Code    72  stm32f4xx_hal_rtc.o(i.RTC_EnterInitMode)
    RTC_ExitInitMode                         0x08003459   Thumb Code    42  stm32f4xx_hal_rtc.o(i.RTC_ExitInitMode)
    SystemClock_Config                       0x0800348d   Thumb Code   146  main.o(i.SystemClock_Config)
    SystemInit                               0x08003529   Thumb Code    12  system_stm32f4xx.o(i.SystemInit)
    TIM3_IRQHandler                          0x08003539   Thumb Code     6  stm32f4xx_it.o(i.TIM3_IRQHandler)
    TIM5_IRQHandler                          0x08003545   Thumb Code     6  stm32f4xx_it.o(i.TIM5_IRQHandler)
    TIM_Base_SetConfig                       0x08003551   Thumb Code   156  stm32f4xx_hal_tim.o(i.TIM_Base_SetConfig)
    TIM_ETR_SetConfig                        0x08003619   Thumb Code    20  stm32f4xx_hal_tim.o(i.TIM_ETR_SetConfig)
    TIM_OC2_SetConfig                        0x0800369d   Thumb Code    98  stm32f4xx_hal_tim.o(i.TIM_OC2_SetConfig)
    UART_Start_Receive_DMA                   0x08003b35   Thumb Code   134  stm32f4xx_hal_uart.o(i.UART_Start_Receive_DMA)
    USART1_IRQHandler                        0x08003bc9   Thumb Code     6  stm32f4xx_it.o(i.USART1_IRQHandler)
    USBD_CDC_GetDeviceQualifierDescriptor    0x08003d75   Thumb Code     8  usbd_cdc.o(i.USBD_CDC_GetDeviceQualifierDescriptor)
    USBD_CDC_ReceivePacket                   0x08003f79   Thumb Code    76  usbd_cdc.o(i.USBD_CDC_ReceivePacket)
    USBD_CDC_RegisterInterface               0x08003fc9   Thumb Code    22  usbd_cdc.o(i.USBD_CDC_RegisterInterface)
    USBD_CDC_SetRxBuffer                     0x08003fdf   Thumb Code    26  usbd_cdc.o(i.USBD_CDC_SetRxBuffer)
    USBD_CDC_SetTxBuffer                     0x08003ff9   Thumb Code    30  usbd_cdc.o(i.USBD_CDC_SetTxBuffer)
    USBD_CMPSIT_AddClass                     0x080040ed   Thumb Code   408  usbd_composite_builder.o(i.USBD_CMPSIT_AddClass)
    USBD_CMPSIT_GetDeviceQualifierDescriptor 0x080042ad   Thumb Code     8  usbd_composite_builder.o(i.USBD_CMPSIT_GetDeviceQualifierDescriptor)
    USBD_CMPSIT_GetFSConfigDescriptor        0x080042b9   Thumb Code     4  usbd_composite_builder.o(i.USBD_CMPSIT_GetFSConfigDescriptor)
    USBD_CMPSIT_GetHSConfigDescriptor        0x080042bd   Thumb Code     4  usbd_composite_builder.o(i.USBD_CMPSIT_GetHSConfigDescriptor)
    USBD_CMPSIT_GetOtherSpeedConfigDescriptor 0x080042c1   Thumb Code     4  usbd_composite_builder.o(i.USBD_CMPSIT_GetOtherSpeedConfigDescriptor)
    USBD_ClrClassConfig                      0x080042c5   Thumb Code    70  usbd_core.o(i.USBD_ClrClassConfig)
    USBD_CoreFindEP                          0x0800430b   Thumb Code    72  usbd_core.o(i.USBD_CoreFindEP)
    USBD_CoreFindIF                          0x08004353   Thumb Code    70  usbd_core.o(i.USBD_CoreFindIF)
    USBD_CoreGetEPAdd                        0x08004399   Thumb Code    76  usbd_core.o(i.USBD_CoreGetEPAdd)
    USBD_CtlContinueRx                       0x080043e5   Thumb Code    16  usbd_ioreq.o(i.USBD_CtlContinueRx)
    USBD_CtlContinueSendData                 0x080043f5   Thumb Code    16  usbd_ioreq.o(i.USBD_CtlContinueSendData)
    USBD_CtlError                            0x08004405   Thumb Code    22  usbd_ctlreq.o(i.USBD_CtlError)
    USBD_CtlPrepareRx                        0x0800441b   Thumb Code    30  usbd_ioreq.o(i.USBD_CtlPrepareRx)
    USBD_CtlReceiveStatus                    0x08004439   Thumb Code    22  usbd_ioreq.o(i.USBD_CtlReceiveStatus)
    USBD_CtlSendData                         0x0800444f   Thumb Code    26  usbd_ioreq.o(i.USBD_CtlSendData)
    USBD_CtlSendStatus                       0x08004469   Thumb Code    22  usbd_ioreq.o(i.USBD_CtlSendStatus)
    USBD_FS_ConfigStrDescriptor              0x08004481   Thumb Code    16  usbd_desc.o(i.USBD_FS_ConfigStrDescriptor)
    USBD_FS_DeviceDescriptor                 0x080044a9   Thumb Code     8  usbd_desc.o(i.USBD_FS_DeviceDescriptor)
    USBD_FS_InterfaceStrDescriptor           0x080044b5   Thumb Code    16  usbd_desc.o(i.USBD_FS_InterfaceStrDescriptor)
    USBD_FS_LangIDStrDescriptor              0x080044e1   Thumb Code     8  usbd_desc.o(i.USBD_FS_LangIDStrDescriptor)
    USBD_FS_ManufacturerStrDescriptor        0x080044ed   Thumb Code    16  usbd_desc.o(i.USBD_FS_ManufacturerStrDescriptor)
    USBD_FS_ProductStrDescriptor             0x0800450d   Thumb Code    16  usbd_desc.o(i.USBD_FS_ProductStrDescriptor)
    USBD_FS_SerialStrDescriptor              0x08004539   Thumb Code    48  usbd_desc.o(i.USBD_FS_SerialStrDescriptor)
    USBD_GetEpDesc                           0x080046c1   Thumb Code    58  usbd_core.o(i.USBD_GetEpDesc)
    USBD_GetNextDesc                         0x080046fb   Thumb Code    14  usbd_core.o(i.USBD_GetNextDesc)
    USBD_GetString                           0x08004709   Thumb Code    72  usbd_ctlreq.o(i.USBD_GetString)
    USBD_Get_USB_Status                      0x08004751   Thumb Code    24  usbd_conf.o(i.USBD_Get_USB_Status)
    USBD_Init                                0x08004769   Thumb Code    76  usbd_core.o(i.USBD_Init)
    USBD_LL_ClearStallEP                     0x080047b5   Thumb Code    18  usbd_conf.o(i.USBD_LL_ClearStallEP)
    USBD_LL_CloseEP                          0x080047c7   Thumb Code    18  usbd_conf.o(i.USBD_LL_CloseEP)
    USBD_LL_DataInStage                      0x080047d9   Thumb Code   206  usbd_core.o(i.USBD_LL_DataInStage)
    USBD_LL_DataOutStage                     0x080048a7   Thumb Code   204  usbd_core.o(i.USBD_LL_DataOutStage)
    USBD_LL_DevConnected                     0x08004973   Thumb Code     4  usbd_core.o(i.USBD_LL_DevConnected)
    USBD_LL_DevDisconnected                  0x08004979   Thumb Code    72  usbd_core.o(i.USBD_LL_DevDisconnected)
    USBD_LL_GetRxDataSize                    0x080049c1   Thumb Code     8  usbd_conf.o(i.USBD_LL_GetRxDataSize)
    USBD_LL_Init                             0x080049c9   Thumb Code   114  usbd_conf.o(i.USBD_LL_Init)
    USBD_LL_IsStallEP                        0x08004a45   Thumb Code    32  usbd_conf.o(i.USBD_LL_IsStallEP)
    USBD_LL_IsoINIncomplete                  0x08004a65   Thumb Code    40  usbd_core.o(i.USBD_LL_IsoINIncomplete)
    USBD_LL_IsoOUTIncomplete                 0x08004a8d   Thumb Code    40  usbd_core.o(i.USBD_LL_IsoOUTIncomplete)
    USBD_LL_OpenEP                           0x08004ab5   Thumb Code    24  usbd_conf.o(i.USBD_LL_OpenEP)
    USBD_LL_PrepareReceive                   0x08004acd   Thumb Code    18  usbd_conf.o(i.USBD_LL_PrepareReceive)
    USBD_LL_Reset                            0x08004ae1   Thumb Code   130  usbd_core.o(i.USBD_LL_Reset)
    USBD_LL_Resume                           0x08004b63   Thumb Code    20  usbd_core.o(i.USBD_LL_Resume)
    USBD_LL_SOF                              0x08004b79   Thumb Code    70  usbd_core.o(i.USBD_LL_SOF)
    USBD_LL_SetSpeed                         0x08004bbf   Thumb Code     6  usbd_core.o(i.USBD_LL_SetSpeed)
    USBD_LL_SetUSBAddress                    0x08004bc5   Thumb Code    18  usbd_conf.o(i.USBD_LL_SetUSBAddress)
    USBD_LL_SetupStage                       0x08004bd7   Thumb Code    96  usbd_core.o(i.USBD_LL_SetupStage)
    USBD_LL_StallEP                          0x08004c37   Thumb Code    18  usbd_conf.o(i.USBD_LL_StallEP)
    USBD_LL_Start                            0x08004c49   Thumb Code    18  usbd_conf.o(i.USBD_LL_Start)
    USBD_LL_Suspend                          0x08004c5b   Thumb Code    18  usbd_core.o(i.USBD_LL_Suspend)
    USBD_LL_Transmit                         0x08004c6d   Thumb Code    18  usbd_conf.o(i.USBD_LL_Transmit)
    USBD_NEX_LINK_CustomDeviceRequest        0x08004c81   Thumb Code    58  usbd_nex_link.o(i.USBD_NEX_LINK_CustomDeviceRequest)
    USBD_NEX_LINK_CustomInterfaceRequest     0x08004cc1   Thumb Code     4  usbd_nex_link.o(i.USBD_NEX_LINK_CustomInterfaceRequest)
    USBD_NEX_LINK_PrepareReceive             0x08004d95   Thumb Code    12  usbd_nex_link.o(i.USBD_NEX_LINK_PrepareReceive)
    USBD_NEX_LINK_Transmit                   0x08004dc5   Thumb Code    34  usbd_nex_link.o(i.USBD_NEX_LINK_Transmit)
    USBD_NEX_LINK_TxReady                    0x08004de7   Thumb Code     8  usbd_nex_link.o(i.USBD_NEX_LINK_TxReady)
    USBD_ParseSetupRequest                   0x08004def   Thumb Code    44  usbd_ctlreq.o(i.USBD_ParseSetupRequest)
    USBD_RegisterClassComposite              0x08004e1d   Thumb Code   100  usbd_core.o(i.USBD_RegisterClassComposite)
    USBD_SetClassConfig                      0x08004e85   Thumb Code    70  usbd_core.o(i.USBD_SetClassConfig)
    USBD_Start                               0x08004f85   Thumb Code    10  usbd_core.o(i.USBD_Start)
    USBD_StdDevReq                           0x08004f8f   Thumb Code   302  usbd_ctlreq.o(i.USBD_StdDevReq)
    USBD_StdEPReq                            0x080050bd   Thumb Code   356  usbd_ctlreq.o(i.USBD_StdEPReq)
    USBD_StdItfReq                           0x08005221   Thumb Code   124  usbd_ctlreq.o(i.USBD_StdItfReq)
    USB_ActivateEndpoint                     0x0800529d   Thumb Code   122  stm32f4xx_ll_usb.o(i.USB_ActivateEndpoint)
    USB_ActivateSetup                        0x0800531d   Thumb Code    28  stm32f4xx_ll_usb.o(i.USB_ActivateSetup)
    USB_CoreInit                             0x08005339   Thumb Code   112  stm32f4xx_ll_usb.o(i.USB_CoreInit)
    USB_DeactivateEndpoint                   0x080053ed   Thumb Code   194  stm32f4xx_ll_usb.o(i.USB_DeactivateEndpoint)
    USB_DevConnect                           0x080054b9   Thumb Code    28  stm32f4xx_ll_usb.o(i.USB_DevConnect)
    USB_DevDisconnect                        0x080054d5   Thumb Code    28  stm32f4xx_ll_usb.o(i.USB_DevDisconnect)
    USB_DevInit                              0x080054f1   Thumb Code   362  stm32f4xx_ll_usb.o(i.USB_DevInit)
    USB_DisableGlobalInt                     0x08005665   Thumb Code    12  stm32f4xx_ll_usb.o(i.USB_DisableGlobalInt)
    USB_EP0StartXfer                         0x08005671   Thumb Code   280  stm32f4xx_ll_usb.o(i.USB_EP0StartXfer)
    USB_EP0_OutStart                         0x0800578d   Thumb Code    84  stm32f4xx_ll_usb.o(i.USB_EP0_OutStart)
    USB_EPClearStall                         0x080057e5   Thumb Code    88  stm32f4xx_ll_usb.o(i.USB_EPClearStall)
    USB_EPSetStall                           0x0800583d   Thumb Code    88  stm32f4xx_ll_usb.o(i.USB_EPSetStall)
    USB_EPStartXfer                          0x08005895   Thumb Code   480  stm32f4xx_ll_usb.o(i.USB_EPStartXfer)
    USB_EPStopXfer                           0x08005a79   Thumb Code   158  stm32f4xx_ll_usb.o(i.USB_EPStopXfer)
    USB_EnableGlobalInt                      0x08005b17   Thumb Code    12  stm32f4xx_ll_usb.o(i.USB_EnableGlobalInt)
    USB_FlushRxFifo                          0x08005b25   Thumb Code    54  stm32f4xx_ll_usb.o(i.USB_FlushRxFifo)
    USB_FlushTxFifo                          0x08005b61   Thumb Code    58  stm32f4xx_ll_usb.o(i.USB_FlushTxFifo)
    USB_GetDevSpeed                          0x08005ba1   Thumb Code    26  stm32f4xx_ll_usb.o(i.USB_GetDevSpeed)
    USB_GetMode                              0x08005bbb   Thumb Code     8  stm32f4xx_ll_usb.o(i.USB_GetMode)
    USB_ReadDevAllInEpInterrupt              0x08005bc3   Thumb Code    14  stm32f4xx_ll_usb.o(i.USB_ReadDevAllInEpInterrupt)
    USB_ReadDevAllOutEpInterrupt             0x08005bd1   Thumb Code    14  stm32f4xx_ll_usb.o(i.USB_ReadDevAllOutEpInterrupt)
    USB_ReadDevInEPInterrupt                 0x08005bdf   Thumb Code    36  stm32f4xx_ll_usb.o(i.USB_ReadDevInEPInterrupt)
    USB_ReadDevOutEPInterrupt                0x08005c03   Thumb Code    16  stm32f4xx_ll_usb.o(i.USB_ReadDevOutEPInterrupt)
    USB_ReadInterrupts                       0x08005c13   Thumb Code     8  stm32f4xx_ll_usb.o(i.USB_ReadInterrupts)
    USB_ReadPacket                           0x08005c1b   Thumb Code    62  stm32f4xx_ll_usb.o(i.USB_ReadPacket)
    USB_SetCurrentMode                       0x08005c59   Thumb Code    92  stm32f4xx_ll_usb.o(i.USB_SetCurrentMode)
    USB_SetDevAddress                        0x08005cb5   Thumb Code    34  stm32f4xx_ll_usb.o(i.USB_SetDevAddress)
    USB_SetTurnaroundTime                    0x08005cd9   Thumb Code   158  stm32f4xx_ll_usb.o(i.USB_SetTurnaroundTime)
    USB_WritePacket                          0x08005dc1   Thumb Code    40  stm32f4xx_ll_usb.o(i.USB_WritePacket)
    UsageFault_Handler                       0x08005de9   Thumb Code     2  stm32f4xx_it.o(i.UsageFault_Handler)
    __0snprintf                              0x08005ded   Thumb Code    44  printfa.o(i.__0snprintf)
    __1snprintf                              0x08005ded   Thumb Code     0  printfa.o(i.__0snprintf)
    __2snprintf                              0x08005ded   Thumb Code     0  printfa.o(i.__0snprintf)
    __c89snprintf                            0x08005ded   Thumb Code     0  printfa.o(i.__0snprintf)
    snprintf                                 0x08005ded   Thumb Code     0  printfa.o(i.__0snprintf)
    __scatterload_copy                       0x08005e3d   Thumb Code    14  handlers.o(i.__scatterload_copy)
    __scatterload_null                       0x08005e4b   Thumb Code     2  handlers.o(i.__scatterload_null)
    __scatterload_zeroinit                   0x08005e4d   Thumb Code    14  handlers.o(i.__scatterload_zeroinit)
    external_handle_cmd                      0x08006725   Thumb Code    12  nexlink_app.o(i.external_handle_cmd)
    free                                     0x08006731   Thumb Code    76  malloc.o(i.free)
    main                                     0x080068e1   Thumb Code   114  main.o(i.main)
    malloc                                   0x08006981   Thumb Code    92  malloc.o(i.malloc)
    nexlink_rx_bytes                         0x080069ed   Thumb Code    30  nexlink_app.o(i.nexlink_rx_bytes)
    nexlink_tx_send                          0x08006a0d   Thumb Code    72  nexlink_tx.o(i.nexlink_tx_send)
    send_resp_err                            0x08006a61   Thumb Code    12  nexlink_app.o(i.send_resp_err)
    send_resp_ok                             0x08006acd   Thumb Code    14  nexlink_app.o(i.send_resp_ok)
    usb_rx_isr                               0x08006adb   Thumb Code     4  nexlink_usb_if.o(i.usb_rx_isr)
    usb_tx                                   0x08006ae1   Thumb Code    10  nexlink_usb_if.o(i.usb_tx)
    AHBPrescTable                            0x08006b08   Data          16  system_stm32f4xx.o(.constdata)
    APBPrescTable                            0x08006b18   Data           8  system_stm32f4xx.o(.constdata)
    Region$$Table$$Base                      0x08006b20   Number         0  anon$$obj.o(Region$$Table)
    Region$$Table$$Limit                     0x08006b40   Number         0  anon$$obj.o(Region$$Table)
    hcrc                                     0x20000000   Data           8  crc.o(.data)
    USBD_NEX_LINK                            0x20000008   Data          60  usbd_nex_link.o(.data)
    USBD_NEX_LINK_CfgDesc                    0x20000048   Data          32  usbd_nex_link.o(.data)
    USBD_NEX_LINK_WINUSB_STR                 0x20000068   Data          18  usbd_nex_link.o(.data)
    USBD_CDC                                 0x20000194   Data          60  usbd_cdc.o(.data)
    USBD_Interface_fops_HS                   0x200001d0   Data          20  usbd_cdc_if.o(.data)
    FS_Desc                                  0x200001e8   Data          28  usbd_desc.o(.data)
    USBD_LangIDDesc                          0x20000204   Data           4  usbd_desc.o(.data)
    USBD_FS_DeviceDesc                       0x20000208   Data          18  usbd_desc.o(.data)
    USBD_StringSerial                        0x2000021c   Data          26  usbd_desc.o(.data)
    uwTickFreq                               0x20000250   Data           1  stm32f4xx_hal.o(.data)
    uwTickPrio                               0x20000254   Data           4  stm32f4xx_hal.o(.data)
    uwTick                                   0x20000258   Data           4  stm32f4xx_hal.o(.data)
    SystemCoreClock                          0x2000025c   Data           4  system_stm32f4xx.o(.data)
    USBD_CMPSIT                              0x20000274   Data          20  usbd_composite_builder.o(.data)
    __microlib_freelist                      0x20000288   Data           4  mvars.o(.data)
    __microlib_freelist_initialised          0x2000028c   Data           4  mvars.o(.data)
    hUSB                                     0x20000290   Data         992  main.o(.bss)
    hrng                                     0x20000670   Data          16  rng.o(.bss)
    hrtc                                     0x20000680   Data          32  rtc.o(.bss)
    htim3                                    0x200006a0   Data          72  tim.o(.bss)
    htim13                                   0x200006e8   Data          72  tim.o(.bss)
    Uart_Recv1_Buf                           0x20000730   Data        2048  usart.o(.bss)
    huart1                                   0x20000f30   Data          68  usart.o(.bss)
    hdma_usart1_rx                           0x20000f74   Data          96  usart.o(.bss)
    hdma_usart1_tx                           0x20000fd4   Data          96  usart.o(.bss)
    htim5                                    0x20001034   Data          72  stm32f4xx_hal_timebase_tim.o(.bss)
    USB_BUFF                                 0x2000107c   Data         512  usbd_nex_link.o(.bss)
    UserRxBufferHS                           0x2000127c   Data        2048  usbd_cdc_if.o(.bss)
    UserTxBufferHS                           0x20001a7c   Data        2048  usbd_cdc_if.o(.bss)
    USBD_StrDesc                             0x2000227c   Data         512  usbd_desc.o(.bss)
    hpcd_USB_OTG_HS                          0x200031dc   Data        1292  usbd_conf.o(.bss)
    __heap_base                              0x200037e8   Data           0  startup_stm32f407xx.o(HEAP)
    __heap_limit                             0x20003fe8   Data           0  startup_stm32f407xx.o(HEAP)
    __initial_sp                             0x20006fe8   Data           0  startup_stm32f407xx.o(STACK)



==============================================================================

Memory Map of the image

  Image Entry point : 0x08000189

  Load Region LR_IROM1 (Base: 0x08000000, Size: 0x00006dd0, Max: 0x00080000, ABSOLUTE, COMPRESSED[0x00006cd8])

    Execution Region ER_IROM1 (Exec base: 0x08000000, Load base: 0x08000000, Size: 0x00006b40, Max: 0x00080000, ABSOLUTE)

    Exec Addr    Load Addr    Size         Type   Attr      Idx    E Section Name        Object

    0x08000000   0x08000000   0x00000188   Data   RO            3    RESET               startup_stm32f407xx.o
    0x08000188   0x08000188   0x00000000   Code   RO         5479  * .ARM.Collect$$$$00000000  mc_w.l(entry.o)
    0x08000188   0x08000188   0x00000004   Code   RO         5779    .ARM.Collect$$$$00000001  mc_w.l(entry2.o)
    0x0800018c   0x0800018c   0x00000004   Code   RO         5782    .ARM.Collect$$$$00000004  mc_w.l(entry5.o)
    0x08000190   0x08000190   0x00000000   Code   RO         5784    .ARM.Collect$$$$00000008  mc_w.l(entry7b.o)
    0x08000190   0x08000190   0x00000000   Code   RO         5786    .ARM.Collect$$$$0000000A  mc_w.l(entry8b.o)
    0x08000190   0x08000190   0x00000008   Code   RO         5787    .ARM.Collect$$$$0000000B  mc_w.l(entry9a.o)
    0x08000198   0x08000198   0x00000000   Code   RO         5789    .ARM.Collect$$$$0000000D  mc_w.l(entry10a.o)
    0x08000198   0x08000198   0x00000000   Code   RO         5791    .ARM.Collect$$$$0000000F  mc_w.l(entry11a.o)
    0x08000198   0x08000198   0x00000004   Code   RO         5780    .ARM.Collect$$$$00002712  mc_w.l(entry2.o)
    0x0800019c   0x0800019c   0x00000024   Code   RO            4    .text               startup_stm32f407xx.o
    0x080001c0   0x080001c0   0x00000062   Code   RO         5482    .text               mc_w.l(uldiv.o)
    0x08000222   0x08000222   0x00000024   Code   RO         5484    .text               mc_w.l(memcpya.o)
    0x08000246   0x08000246   0x00000024   Code   RO         5486    .text               mc_w.l(memseta.o)
    0x0800026a   0x0800026a   0x0000002c   Code   RO         5794    .text               mc_w.l(uidiv.o)
    0x08000296   0x08000296   0x0000001e   Code   RO         5796    .text               mc_w.l(llshl.o)
    0x080002b4   0x080002b4   0x00000020   Code   RO         5798    .text               mc_w.l(llushr.o)
    0x080002d4   0x080002d4   0x00000000   Code   RO         5802    .text               mc_w.l(iusefp.o)
    0x080002d4   0x080002d4   0x0000014e   Code   RO         5803    .text               mf_w.l(dadd.o)
    0x08000422   0x08000422   0x000000e4   Code   RO         5805    .text               mf_w.l(dmul.o)
    0x08000506   0x08000506   0x000000de   Code   RO         5807    .text               mf_w.l(ddiv.o)
    0x080005e4   0x080005e4   0x00000030   Code   RO         5809    .text               mf_w.l(dfixul.o)
    0x08000614   0x08000614   0x00000030   Code   RO         5811    .text               mf_w.l(cdrcmple.o)
    0x08000644   0x08000644   0x00000024   Code   RO         5813    .text               mc_w.l(init.o)
    0x08000668   0x08000668   0x00000024   Code   RO         5815    .text               mc_w.l(llsshr.o)
    0x0800068c   0x0800068c   0x000000ba   Code   RO         5817    .text               mf_w.l(depilogue.o)
    0x08000746   0x08000746   0x00000056   Code   RO         5827    .text               mc_w.l(__dczerorl2.o)
    0x0800079c   0x0800079c   0x00000002   Code   RO          564    i.BusFault_Handler  stm32f4xx_it.o
    0x0800079e   0x0800079e   0x00000004   Code   RO          941    i.CDC_Control_HS    usbd_cdc_if.o
    0x080007a2   0x080007a2   0x00000004   Code   RO          942    i.CDC_DeInit_HS     usbd_cdc_if.o
    0x080007a6   0x080007a6   0x00000002   PAD
    0x080007a8   0x080007a8   0x00000034   Code   RO          943    i.CDC_Init_HS       usbd_cdc_if.o
    0x080007dc   0x080007dc   0x00000024   Code   RO          944    i.CDC_Receive_HS    usbd_cdc_if.o
    0x08000800   0x08000800   0x0000001c   Code   RO          945    i.CDC_SendString    usbd_cdc_if.o
    0x0800081c   0x0800081c   0x00000004   Code   RO          946    i.CDC_TransmitCplt_HS  usbd_cdc_if.o
    0x08000820   0x08000820   0x0000003c   Code   RO          947    i.CDC_Transmit_HS   usbd_cdc_if.o
    0x0800085c   0x0800085c   0x0000000c   Code   RO          565    i.DMA2_Stream2_IRQHandler  stm32f4xx_it.o
    0x08000868   0x08000868   0x0000000c   Code   RO          566    i.DMA2_Stream7_IRQHandler  stm32f4xx_it.o
    0x08000874   0x08000874   0x00000028   Code   RO         2491    i.DMA_CalcBaseAndBitshift  stm32f4xx_hal_dma.o
    0x0800089c   0x0800089c   0x00000054   Code   RO         2492    i.DMA_CheckFifoParam  stm32f4xx_hal_dma.o
    0x080008f0   0x080008f0   0x00000028   Code   RO         2493    i.DMA_SetConfig     stm32f4xx_hal_dma.o
    0x08000918   0x08000918   0x00000002   Code   RO          567    i.DebugMon_Handler  stm32f4xx_it.o
    0x0800091a   0x0800091a   0x00000004   Code   RO           13    i.Error_Handler     main.o
    0x0800091e   0x0800091e   0x00000022   Code   RO         3168    i.HAL_CRC_Init      stm32f4xx_hal_crc.o
    0x08000940   0x08000940   0x00000028   Code   RO          295    i.HAL_CRC_MspInit   crc.o
    0x08000968   0x08000968   0x00000092   Code   RO         2494    i.HAL_DMA_Abort     stm32f4xx_hal_dma.o
    0x080009fa   0x080009fa   0x00000024   Code   RO         2495    i.HAL_DMA_Abort_IT  stm32f4xx_hal_dma.o
    0x08000a1e   0x08000a1e   0x00000002   PAD
    0x08000a20   0x08000a20   0x000001a0   Code   RO         2499    i.HAL_DMA_IRQHandler  stm32f4xx_hal_dma.o
    0x08000bc0   0x08000bc0   0x000000d4   Code   RO         2500    i.HAL_DMA_Init      stm32f4xx_hal_dma.o
    0x08000c94   0x08000c94   0x0000006e   Code   RO         2504    i.HAL_DMA_Start_IT  stm32f4xx_hal_dma.o
    0x08000d02   0x08000d02   0x00000002   PAD
    0x08000d04   0x08000d04   0x00000024   Code   RO         2913    i.HAL_Delay         stm32f4xx_hal.o
    0x08000d28   0x08000d28   0x000001f0   Code   RO         2387    i.HAL_GPIO_Init     stm32f4xx_hal_gpio.o
    0x08000f18   0x08000f18   0x0000000a   Code   RO         2391    i.HAL_GPIO_WritePin  stm32f4xx_hal_gpio.o
    0x08000f22   0x08000f22   0x00000002   PAD
    0x08000f24   0x08000f24   0x0000000c   Code   RO         2919    i.HAL_GetTick       stm32f4xx_hal.o
    0x08000f30   0x08000f30   0x00000010   Code   RO         2925    i.HAL_IncTick       stm32f4xx_hal.o
    0x08000f40   0x08000f40   0x00000034   Code   RO         2926    i.HAL_Init          stm32f4xx_hal.o
    0x08000f74   0x08000f74   0x00000074   Code   RO          682    i.HAL_InitTick      stm32f4xx_hal_timebase_tim.o
    0x08000fe8   0x08000fe8   0x00000038   Code   RO          658    i.HAL_MspInit       stm32f4xx_hal_msp.o
    0x08001020   0x08001020   0x0000001a   Code   RO         2776    i.HAL_NVIC_EnableIRQ  stm32f4xx_hal_cortex.o
    0x0800103a   0x0800103a   0x00000002   PAD
    0x0800103c   0x0800103c   0x00000040   Code   RO         2782    i.HAL_NVIC_SetPriority  stm32f4xx_hal_cortex.o
    0x0800107c   0x0800107c   0x00000024   Code   RO         2783    i.HAL_NVIC_SetPriorityGrouping  stm32f4xx_hal_cortex.o
    0x080010a0   0x080010a0   0x00000024   Code   RO         2784    i.HAL_NVIC_SystemReset  stm32f4xx_hal_cortex.o
    0x080010c4   0x080010c4   0x00000002   Code   RO         1686    i.HAL_PCDEx_LPM_Callback  stm32f4xx_hal_pcd_ex.o
    0x080010c6   0x080010c6   0x00000008   Code   RO         1687    i.HAL_PCDEx_SetRxFiFo  stm32f4xx_hal_pcd_ex.o
    0x080010ce   0x080010ce   0x00000044   Code   RO         1688    i.HAL_PCDEx_SetTxFiFo  stm32f4xx_hal_pcd_ex.o
    0x08001112   0x08001112   0x00000008   Code   RO         1246    i.HAL_PCD_ConnectCallback  usbd_conf.o
    0x0800111a   0x0800111a   0x00000012   Code   RO         1247    i.HAL_PCD_DataInStageCallback  usbd_conf.o
    0x0800112c   0x0800112c   0x00000014   Code   RO         1248    i.HAL_PCD_DataOutStageCallback  usbd_conf.o
    0x08001140   0x08001140   0x00000008   Code   RO         1249    i.HAL_PCD_DisconnectCallback  usbd_conf.o
    0x08001148   0x08001148   0x0000001e   Code   RO         1456    i.HAL_PCD_EP_Abort  stm32f4xx_hal_pcd.o
    0x08001166   0x08001166   0x0000004c   Code   RO         1457    i.HAL_PCD_EP_Close  stm32f4xx_hal_pcd.o
    0x080011b2   0x080011b2   0x0000005c   Code   RO         1458    i.HAL_PCD_EP_ClrStall  stm32f4xx_hal_pcd.o
    0x0800120e   0x0800120e   0x00000012   Code   RO         1460    i.HAL_PCD_EP_GetRxCount  stm32f4xx_hal_pcd.o
    0x08001220   0x08001220   0x00000060   Code   RO         1461    i.HAL_PCD_EP_Open   stm32f4xx_hal_pcd.o
    0x08001280   0x08001280   0x00000048   Code   RO         1462    i.HAL_PCD_EP_Receive  stm32f4xx_hal_pcd.o
    0x080012c8   0x080012c8   0x00000074   Code   RO         1463    i.HAL_PCD_EP_SetStall  stm32f4xx_hal_pcd.o
    0x0800133c   0x0800133c   0x00000040   Code   RO         1464    i.HAL_PCD_EP_Transmit  stm32f4xx_hal_pcd.o
    0x0800137c   0x0800137c   0x00000560   Code   RO         1466    i.HAL_PCD_IRQHandler  stm32f4xx_hal_pcd.o
    0x080018dc   0x080018dc   0x00000008   Code   RO         1250    i.HAL_PCD_ISOINIncompleteCallback  usbd_conf.o
    0x080018e4   0x080018e4   0x00000008   Code   RO         1251    i.HAL_PCD_ISOOUTIncompleteCallback  usbd_conf.o
    0x080018ec   0x080018ec   0x000000e2   Code   RO         1469    i.HAL_PCD_Init      stm32f4xx_hal_pcd.o
    0x080019ce   0x080019ce   0x00000002   PAD
    0x080019d0   0x080019d0   0x000000d8   Code   RO         1253    i.HAL_PCD_MspInit   usbd_conf.o
    0x08001aa8   0x08001aa8   0x0000002c   Code   RO         1254    i.HAL_PCD_ResetCallback  usbd_conf.o
    0x08001ad4   0x08001ad4   0x00000008   Code   RO         1255    i.HAL_PCD_ResumeCallback  usbd_conf.o
    0x08001adc   0x08001adc   0x00000008   Code   RO         1256    i.HAL_PCD_SOFCallback  usbd_conf.o
    0x08001ae4   0x08001ae4   0x00000028   Code   RO         1475    i.HAL_PCD_SetAddress  stm32f4xx_hal_pcd.o
    0x08001b0c   0x08001b0c   0x00000056   Code   RO         1257    i.HAL_PCD_SetupStageCallback  usbd_conf.o
    0x08001b62   0x08001b62   0x00000042   Code   RO         1478    i.HAL_PCD_Start     stm32f4xx_hal_pcd.o
    0x08001ba4   0x08001ba4   0x00000030   Code   RO         1258    i.HAL_PCD_SuspendCallback  usbd_conf.o
    0x08001bd4   0x08001bd4   0x0000013c   Code   RO         2138    i.HAL_RCCEx_PeriphCLKConfig  stm32f4xx_hal_rcc_ex.o
    0x08001d10   0x08001d10   0x00000134   Code   RO         2033    i.HAL_RCC_ClockConfig  stm32f4xx_hal_rcc.o
    0x08001e44   0x08001e44   0x00000040   Code   RO         2037    i.HAL_RCC_GetClockConfig  stm32f4xx_hal_rcc.o
    0x08001e84   0x08001e84   0x0000000c   Code   RO         2038    i.HAL_RCC_GetHCLKFreq  stm32f4xx_hal_rcc.o
    0x08001e90   0x08001e90   0x00000020   Code   RO         2040    i.HAL_RCC_GetPCLK1Freq  stm32f4xx_hal_rcc.o
    0x08001eb0   0x08001eb0   0x00000020   Code   RO         2041    i.HAL_RCC_GetPCLK2Freq  stm32f4xx_hal_rcc.o
    0x08001ed0   0x08001ed0   0x00000060   Code   RO         2042    i.HAL_RCC_GetSysClockFreq  stm32f4xx_hal_rcc.o
    0x08001f30   0x08001f30   0x0000036c   Code   RO         2045    i.HAL_RCC_OscConfig  stm32f4xx_hal_rcc.o
    0x0800229c   0x0800229c   0x00000032   Code   RO         3233    i.HAL_RNG_Init      stm32f4xx_hal_rng.o
    0x080022ce   0x080022ce   0x00000002   PAD
    0x080022d0   0x080022d0   0x00000028   Code   RO          361    i.HAL_RNG_MspInit   rng.o
    0x080022f8   0x080022f8   0x0000008c   Code   RO         3339    i.HAL_RTC_Init      stm32f4xx_hal_rtc.o
    0x08002384   0x08002384   0x00000038   Code   RO          403    i.HAL_RTC_MspInit   rtc.o
    0x080023bc   0x080023bc   0x00000098   Code   RO         3345    i.HAL_RTC_SetDate   stm32f4xx_hal_rtc.o
    0x08002454   0x08002454   0x000000c0   Code   RO         3346    i.HAL_RTC_SetTime   stm32f4xx_hal_rtc.o
    0x08002514   0x08002514   0x00000036   Code   RO         3347    i.HAL_RTC_WaitForSynchro  stm32f4xx_hal_rtc.o
    0x0800254a   0x0800254a   0x00000002   Code   RO         4433    i.HAL_TIMEx_BreakCallback  stm32f4xx_hal_tim_ex.o
    0x0800254c   0x0800254c   0x00000002   Code   RO         4434    i.HAL_TIMEx_CommutCallback  stm32f4xx_hal_tim_ex.o
    0x0800254e   0x0800254e   0x00000002   PAD
    0x08002550   0x08002550   0x00000090   Code   RO         4452    i.HAL_TIMEx_MasterConfigSynchronization  stm32f4xx_hal_tim_ex.o
    0x080025e0   0x080025e0   0x0000005a   Code   RO         3729    i.HAL_TIM_Base_Init  stm32f4xx_hal_tim.o
    0x0800263a   0x0800263a   0x00000002   PAD
    0x0800263c   0x0800263c   0x00000054   Code   RO          457    i.HAL_TIM_Base_MspInit  tim.o
    0x08002690   0x08002690   0x00000080   Code   RO         3734    i.HAL_TIM_Base_Start_IT  stm32f4xx_hal_tim.o
    0x08002710   0x08002710   0x000000dc   Code   RO         3738    i.HAL_TIM_ConfigClockSource  stm32f4xx_hal_tim.o
    0x080027ec   0x080027ec   0x00000002   Code   RO         3763    i.HAL_TIM_IC_CaptureCallback  stm32f4xx_hal_tim.o
    0x080027ee   0x080027ee   0x00000166   Code   RO         3777    i.HAL_TIM_IRQHandler  stm32f4xx_hal_tim.o
    0x08002954   0x08002954   0x00000054   Code   RO          458    i.HAL_TIM_MspPostInit  tim.o
    0x080029a8   0x080029a8   0x00000002   Code   RO         3780    i.HAL_TIM_OC_DelayElapsedCallback  stm32f4xx_hal_tim.o
    0x080029aa   0x080029aa   0x000000cc   Code   RO         3801    i.HAL_TIM_PWM_ConfigChannel  stm32f4xx_hal_tim.o
    0x08002a76   0x08002a76   0x0000005a   Code   RO         3804    i.HAL_TIM_PWM_Init  stm32f4xx_hal_tim.o
    0x08002ad0   0x08002ad0   0x00000002   Code   RO         3806    i.HAL_TIM_PWM_MspInit  stm32f4xx_hal_tim.o
    0x08002ad2   0x08002ad2   0x00000002   Code   RO         3807    i.HAL_TIM_PWM_PulseFinishedCallback  stm32f4xx_hal_tim.o
    0x08002ad4   0x08002ad4   0x00000014   Code   RO           14    i.HAL_TIM_PeriodElapsedCallback  main.o
    0x08002ae8   0x08002ae8   0x00000002   Code   RO         3820    i.HAL_TIM_TriggerCallback  stm32f4xx_hal_tim.o
    0x08002aea   0x08002aea   0x00000056   Code   RO         4709    i.HAL_UARTEx_ReceiveToIdle_DMA  stm32f4xx_hal_uart.o
    0x08002b40   0x08002b40   0x00000002   Code   RO         4711    i.HAL_UARTEx_RxEventCallback  stm32f4xx_hal_uart.o
    0x08002b42   0x08002b42   0x00000002   Code   RO         4725    i.HAL_UART_ErrorCallback  stm32f4xx_hal_uart.o
    0x08002b44   0x08002b44   0x00000268   Code   RO         4728    i.HAL_UART_IRQHandler  stm32f4xx_hal_uart.o
    0x08002dac   0x08002dac   0x00000062   Code   RO         4729    i.HAL_UART_Init     stm32f4xx_hal_uart.o
    0x08002e0e   0x08002e0e   0x00000002   PAD
    0x08002e10   0x08002e10   0x000000e8   Code   RO          511    i.HAL_UART_MspInit  usart.o
    0x08002ef8   0x08002ef8   0x00000002   Code   RO         4735    i.HAL_UART_RxCpltCallback  stm32f4xx_hal_uart.o
    0x08002efa   0x08002efa   0x00000002   Code   RO         4736    i.HAL_UART_RxHalfCpltCallback  stm32f4xx_hal_uart.o
    0x08002efc   0x08002efc   0x00000002   Code   RO         4740    i.HAL_UART_TxCpltCallback  stm32f4xx_hal_uart.o
    0x08002efe   0x08002efe   0x00000002   Code   RO          568    i.HardFault_Handler  stm32f4xx_it.o
    0x08002f00   0x08002f00   0x00000038   Code   RO         1005    i.IntToUnicode      usbd_desc.o
    0x08002f38   0x08002f38   0x00000024   Code   RO          296    i.MX_CRC_Init       crc.o
    0x08002f5c   0x08002f5c   0x0000003c   Code   RO          336    i.MX_DMA_Init       dma.o
    0x08002f98   0x08002f98   0x000000e0   Code   RO          270    i.MX_GPIO_Init      gpio.o
    0x08003078   0x08003078   0x00000024   Code   RO          362    i.MX_RNG_Init       rng.o
    0x0800309c   0x0800309c   0x00000080   Code   RO          404    i.MX_RTC_Init       rtc.o
    0x0800311c   0x0800311c   0x00000068   Code   RO          459    i.MX_TIM13_Init     tim.o
    0x08003184   0x08003184   0x00000068   Code   RO          460    i.MX_TIM3_Init      tim.o
    0x080031ec   0x080031ec   0x00000040   Code   RO          512    i.MX_USART1_UART_Init  usart.o
    0x0800322c   0x0800322c   0x0000004c   Code   RO           15    i.MX_USB_DEVICE_Init  main.o
    0x08003278   0x08003278   0x00000002   Code   RO          569    i.MemManage_Handler  stm32f4xx_it.o
    0x0800327a   0x0800327a   0x00000002   Code   RO          570    i.NMI_Handler       stm32f4xx_it.o
    0x0800327c   0x0800327c   0x0000000c   Code   RO          571    i.OTG_HS_IRQHandler  stm32f4xx_it.o
    0x08003288   0x08003288   0x000000cc   Code   RO         1482    i.PCD_EP_OutXfrComplete_int  stm32f4xx_hal_pcd.o
    0x08003354   0x08003354   0x000000a2   Code   RO         1483    i.PCD_WriteEmptyTxFifo  stm32f4xx_hal_pcd.o
    0x080033f6   0x080033f6   0x00000018   Code   RO         3349    i.RTC_ByteToBcd2    stm32f4xx_hal_rtc.o
    0x0800340e   0x0800340e   0x00000002   PAD
    0x08003410   0x08003410   0x00000048   Code   RO         3350    i.RTC_EnterInitMode  stm32f4xx_hal_rtc.o
    0x08003458   0x08003458   0x0000002a   Code   RO         3351    i.RTC_ExitInitMode  stm32f4xx_hal_rtc.o
    0x08003482   0x08003482   0x0000000a   Code   RO         5278    i.SWAPBYTE          usbd_ctlreq.o
    0x0800348c   0x0800348c   0x0000009c   Code   RO           16    i.SystemClock_Config  main.o
    0x08003528   0x08003528   0x00000010   Code   RO         5058    i.SystemInit        system_stm32f4xx.o
    0x08003538   0x08003538   0x0000000c   Code   RO          572    i.TIM3_IRQHandler   stm32f4xx_it.o
    0x08003544   0x08003544   0x0000000c   Code   RO          573    i.TIM5_IRQHandler   stm32f4xx_it.o
    0x08003550   0x08003550   0x000000c8   Code   RO         3822    i.TIM_Base_SetConfig  stm32f4xx_hal_tim.o
    0x08003618   0x08003618   0x00000014   Code   RO         3833    i.TIM_ETR_SetConfig  stm32f4xx_hal_tim.o
    0x0800362c   0x0800362c   0x00000010   Code   RO         3834    i.TIM_ITRx_SetConfig  stm32f4xx_hal_tim.o
    0x0800363c   0x0800363c   0x00000060   Code   RO         3835    i.TIM_OC1_SetConfig  stm32f4xx_hal_tim.o
    0x0800369c   0x0800369c   0x0000006c   Code   RO         3836    i.TIM_OC2_SetConfig  stm32f4xx_hal_tim.o
    0x08003708   0x08003708   0x00000068   Code   RO         3837    i.TIM_OC3_SetConfig  stm32f4xx_hal_tim.o
    0x08003770   0x08003770   0x00000050   Code   RO         3838    i.TIM_OC4_SetConfig  stm32f4xx_hal_tim.o
    0x080037c0   0x080037c0   0x00000022   Code   RO         3840    i.TIM_TI1_ConfigInputStage  stm32f4xx_hal_tim.o
    0x080037e2   0x080037e2   0x00000024   Code   RO         3842    i.TIM_TI2_ConfigInputStage  stm32f4xx_hal_tim.o
    0x08003806   0x08003806   0x00000010   Code   RO         4742    i.UART_DMAAbortOnError  stm32f4xx_hal_uart.o
    0x08003816   0x08003816   0x0000004a   Code   RO         4743    i.UART_DMAError     stm32f4xx_hal_uart.o
    0x08003860   0x08003860   0x00000082   Code   RO         4744    i.UART_DMAReceiveCplt  stm32f4xx_hal_uart.o
    0x080038e2   0x080038e2   0x0000001a   Code   RO         4746    i.UART_DMARxHalfCplt  stm32f4xx_hal_uart.o
    0x080038fc   0x080038fc   0x0000004e   Code   RO         4752    i.UART_EndRxTransfer  stm32f4xx_hal_uart.o
    0x0800394a   0x0800394a   0x0000001c   Code   RO         4753    i.UART_EndTxTransfer  stm32f4xx_hal_uart.o
    0x08003966   0x08003966   0x000000c0   Code   RO         4754    i.UART_Receive_IT   stm32f4xx_hal_uart.o
    0x08003a26   0x08003a26   0x00000002   PAD
    0x08003a28   0x08003a28   0x0000010c   Code   RO         4755    i.UART_SetConfig    stm32f4xx_hal_uart.o
    0x08003b34   0x08003b34   0x00000094   Code   RO         4756    i.UART_Start_Receive_DMA  stm32f4xx_hal_uart.o
    0x08003bc8   0x08003bc8   0x0000000c   Code   RO          574    i.USART1_IRQHandler  stm32f4xx_it.o
    0x08003bd4   0x08003bd4   0x00000076   Code   RO          835    i.USBD_CDC_DataIn   usbd_cdc.o
    0x08003c4a   0x08003c4a   0x0000003c   Code   RO          836    i.USBD_CDC_DataOut  usbd_cdc.o
    0x08003c86   0x08003c86   0x00000002   PAD
    0x08003c88   0x08003c88   0x000000b4   Code   RO          837    i.USBD_CDC_DeInit   usbd_cdc.o
    0x08003d3c   0x08003d3c   0x00000036   Code   RO          838    i.USBD_CDC_EP0_RxReady  usbd_cdc.o
    0x08003d72   0x08003d72   0x00000002   PAD
    0x08003d74   0x08003d74   0x0000000c   Code   RO          839    i.USBD_CDC_GetDeviceQualifierDescriptor  usbd_cdc.o
    0x08003d80   0x08003d80   0x0000003c   Code   RO          840    i.USBD_CDC_GetFSCfgDesc  usbd_cdc.o
    0x08003dbc   0x08003dbc   0x00000040   Code   RO          841    i.USBD_CDC_GetHSCfgDesc  usbd_cdc.o
    0x08003dfc   0x08003dfc   0x0000003c   Code   RO          842    i.USBD_CDC_GetOtherSpeedCfgDesc  usbd_cdc.o
    0x08003e38   0x08003e38   0x00000140   Code   RO          843    i.USBD_CDC_Init     usbd_cdc.o
    0x08003f78   0x08003f78   0x00000050   Code   RO          844    i.USBD_CDC_ReceivePacket  usbd_cdc.o
    0x08003fc8   0x08003fc8   0x00000016   Code   RO          845    i.USBD_CDC_RegisterInterface  usbd_cdc.o
    0x08003fde   0x08003fde   0x0000001a   Code   RO          846    i.USBD_CDC_SetRxBuffer  usbd_cdc.o
    0x08003ff8   0x08003ff8   0x0000001e   Code   RO          847    i.USBD_CDC_SetTxBuffer  usbd_cdc.o
    0x08004016   0x08004016   0x000000d4   Code   RO          848    i.USBD_CDC_Setup    usbd_cdc.o
    0x080040ea   0x080040ea   0x00000002   PAD
    0x080040ec   0x080040ec   0x000001a0   Code   RO         5415    i.USBD_CMPSIT_AddClass  usbd_composite_builder.o
    0x0800428c   0x0800428c   0x00000020   Code   RO         5416    i.USBD_CMPSIT_GetCfgDesc  usbd_composite_builder.o
    0x080042ac   0x080042ac   0x0000000c   Code   RO         5417    i.USBD_CMPSIT_GetDeviceQualifierDescriptor  usbd_composite_builder.o
    0x080042b8   0x080042b8   0x00000004   Code   RO         5418    i.USBD_CMPSIT_GetFSConfigDescriptor  usbd_composite_builder.o
    0x080042bc   0x080042bc   0x00000004   Code   RO         5419    i.USBD_CMPSIT_GetHSConfigDescriptor  usbd_composite_builder.o
    0x080042c0   0x080042c0   0x00000004   Code   RO         5420    i.USBD_CMPSIT_GetOtherSpeedConfigDescriptor  usbd_composite_builder.o
    0x080042c4   0x080042c4   0x00000046   Code   RO         5095    i.USBD_ClrClassConfig  usbd_core.o
    0x0800430a   0x0800430a   0x00000048   Code   RO         5096    i.USBD_CoreFindEP   usbd_core.o
    0x08004352   0x08004352   0x00000046   Code   RO         5097    i.USBD_CoreFindIF   usbd_core.o
    0x08004398   0x08004398   0x0000004c   Code   RO         5098    i.USBD_CoreGetEPAdd  usbd_core.o
    0x080043e4   0x080043e4   0x00000010   Code   RO         5355    i.USBD_CtlContinueRx  usbd_ioreq.o
    0x080043f4   0x080043f4   0x00000010   Code   RO         5356    i.USBD_CtlContinueSendData  usbd_ioreq.o
    0x08004404   0x08004404   0x00000016   Code   RO         5279    i.USBD_CtlError     usbd_ctlreq.o
    0x0800441a   0x0800441a   0x0000001e   Code   RO         5357    i.USBD_CtlPrepareRx  usbd_ioreq.o
    0x08004438   0x08004438   0x00000016   Code   RO         5358    i.USBD_CtlReceiveStatus  usbd_ioreq.o
    0x0800444e   0x0800444e   0x0000001a   Code   RO         5359    i.USBD_CtlSendData  usbd_ioreq.o
    0x08004468   0x08004468   0x00000016   Code   RO         5360    i.USBD_CtlSendStatus  usbd_ioreq.o
    0x0800447e   0x0800447e   0x00000002   PAD
    0x08004480   0x08004480   0x00000028   Code   RO         1006    i.USBD_FS_ConfigStrDescriptor  usbd_desc.o
    0x080044a8   0x080044a8   0x0000000c   Code   RO         1007    i.USBD_FS_DeviceDescriptor  usbd_desc.o
    0x080044b4   0x080044b4   0x0000002c   Code   RO         1008    i.USBD_FS_InterfaceStrDescriptor  usbd_desc.o
    0x080044e0   0x080044e0   0x0000000c   Code   RO         1009    i.USBD_FS_LangIDStrDescriptor  usbd_desc.o
    0x080044ec   0x080044ec   0x00000020   Code   RO         1010    i.USBD_FS_ManufacturerStrDescriptor  usbd_desc.o
    0x0800450c   0x0800450c   0x0000002c   Code   RO         1011    i.USBD_FS_ProductStrDescriptor  usbd_desc.o
    0x08004538   0x08004538   0x00000038   Code   RO         1012    i.USBD_FS_SerialStrDescriptor  usbd_desc.o
    0x08004570   0x08004570   0x00000150   Code   RO         5280    i.USBD_GetDescriptor  usbd_ctlreq.o
    0x080046c0   0x080046c0   0x0000003a   Code   RO         5100    i.USBD_GetEpDesc    usbd_core.o
    0x080046fa   0x080046fa   0x0000000e   Code   RO         5101    i.USBD_GetNextDesc  usbd_core.o
    0x08004708   0x08004708   0x00000048   Code   RO         5281    i.USBD_GetString    usbd_ctlreq.o
    0x08004750   0x08004750   0x00000018   Code   RO         1259    i.USBD_Get_USB_Status  usbd_conf.o
    0x08004768   0x08004768   0x0000004c   Code   RO         5102    i.USBD_Init         usbd_core.o
    0x080047b4   0x080047b4   0x00000012   Code   RO         1260    i.USBD_LL_ClearStallEP  usbd_conf.o
    0x080047c6   0x080047c6   0x00000012   Code   RO         1261    i.USBD_LL_CloseEP   usbd_conf.o
    0x080047d8   0x080047d8   0x000000ce   Code   RO         5103    i.USBD_LL_DataInStage  usbd_core.o
    0x080048a6   0x080048a6   0x000000cc   Code   RO         5104    i.USBD_LL_DataOutStage  usbd_core.o
    0x08004972   0x08004972   0x00000004   Code   RO         5105    i.USBD_LL_DevConnected  usbd_core.o
    0x08004976   0x08004976   0x00000002   PAD
    0x08004978   0x08004978   0x00000048   Code   RO         5106    i.USBD_LL_DevDisconnected  usbd_core.o
    0x080049c0   0x080049c0   0x00000008   Code   RO         1265    i.USBD_LL_GetRxDataSize  usbd_conf.o
    0x080049c8   0x080049c8   0x0000007c   Code   RO         1266    i.USBD_LL_Init      usbd_conf.o
    0x08004a44   0x08004a44   0x00000020   Code   RO         1267    i.USBD_LL_IsStallEP  usbd_conf.o
    0x08004a64   0x08004a64   0x00000028   Code   RO         5107    i.USBD_LL_IsoINIncomplete  usbd_core.o
    0x08004a8c   0x08004a8c   0x00000028   Code   RO         5108    i.USBD_LL_IsoOUTIncomplete  usbd_core.o
    0x08004ab4   0x08004ab4   0x00000018   Code   RO         1268    i.USBD_LL_OpenEP    usbd_conf.o
    0x08004acc   0x08004acc   0x00000012   Code   RO         1269    i.USBD_LL_PrepareReceive  usbd_conf.o
    0x08004ade   0x08004ade   0x00000002   PAD
    0x08004ae0   0x08004ae0   0x00000082   Code   RO         5109    i.USBD_LL_Reset     usbd_core.o
    0x08004b62   0x08004b62   0x00000014   Code   RO         5110    i.USBD_LL_Resume    usbd_core.o
    0x08004b76   0x08004b76   0x00000002   PAD
    0x08004b78   0x08004b78   0x00000046   Code   RO         5111    i.USBD_LL_SOF       usbd_core.o
    0x08004bbe   0x08004bbe   0x00000006   Code   RO         5112    i.USBD_LL_SetSpeed  usbd_core.o
    0x08004bc4   0x08004bc4   0x00000012   Code   RO         1270    i.USBD_LL_SetUSBAddress  usbd_conf.o
    0x08004bd6   0x08004bd6   0x00000060   Code   RO         5113    i.USBD_LL_SetupStage  usbd_core.o
    0x08004c36   0x08004c36   0x00000012   Code   RO         1271    i.USBD_LL_StallEP   usbd_conf.o
    0x08004c48   0x08004c48   0x00000012   Code   RO         1272    i.USBD_LL_Start     usbd_conf.o
    0x08004c5a   0x08004c5a   0x00000012   Code   RO         5114    i.USBD_LL_Suspend   usbd_core.o
    0x08004c6c   0x08004c6c   0x00000012   Code   RO         1274    i.USBD_LL_Transmit  usbd_conf.o
    0x08004c7e   0x08004c7e   0x00000002   PAD
    0x08004c80   0x08004c80   0x00000040   Code   RO          721    i.USBD_NEX_LINK_CustomDeviceRequest  usbd_nex_link.o
    0x08004cc0   0x08004cc0   0x00000004   Code   RO          722    i.USBD_NEX_LINK_CustomInterfaceRequest  usbd_nex_link.o
    0x08004cc4   0x08004cc4   0x0000000c   Code   RO          723    i.USBD_NEX_LINK_DataIn  usbd_nex_link.o
    0x08004cd0   0x08004cd0   0x00000020   Code   RO          724    i.USBD_NEX_LINK_DataOut  usbd_nex_link.o
    0x08004cf0   0x08004cf0   0x00000016   Code   RO          725    i.USBD_NEX_LINK_DeInit  usbd_nex_link.o
    0x08004d06   0x08004d06   0x00000004   Code   RO          726    i.USBD_NEX_LINK_EP0_RxReady  usbd_nex_link.o
    0x08004d0a   0x08004d0a   0x00000002   PAD
    0x08004d0c   0x08004d0c   0x0000000c   Code   RO          727    i.USBD_NEX_LINK_GetCfgDesc  usbd_nex_link.o
    0x08004d18   0x08004d18   0x00000020   Code   RO          728    i.USBD_NEX_LINK_GetStrDesc  usbd_nex_link.o
    0x08004d38   0x08004d38   0x0000005c   Code   RO          729    i.USBD_NEX_LINK_Init  usbd_nex_link.o
    0x08004d94   0x08004d94   0x00000010   Code   RO          802    i.USBD_NEX_LINK_PrepareReceive  usbd_nex_link.o
    0x08004da4   0x08004da4   0x00000020   Code   RO          730    i.USBD_NEX_LINK_Setup  usbd_nex_link.o
    0x08004dc4   0x08004dc4   0x00000022   Code   RO          731    i.USBD_NEX_LINK_Transmit  usbd_nex_link.o
    0x08004de6   0x08004de6   0x00000008   Code   RO          732    i.USBD_NEX_LINK_TxReady  usbd_nex_link.o
    0x08004dee   0x08004dee   0x0000002c   Code   RO         5282    i.USBD_ParseSetupRequest  usbd_ctlreq.o
    0x08004e1a   0x08004e1a   0x00000002   PAD
    0x08004e1c   0x08004e1c   0x00000068   Code   RO         5116    i.USBD_RegisterClassComposite  usbd_core.o
    0x08004e84   0x08004e84   0x00000046   Code   RO         5118    i.USBD_SetClassConfig  usbd_core.o
    0x08004eca   0x08004eca   0x00000002   PAD
    0x08004ecc   0x08004ecc   0x000000b8   Code   RO         5283    i.USBD_SetConfig    usbd_ctlreq.o
    0x08004f84   0x08004f84   0x0000000a   Code   RO         5119    i.USBD_Start        usbd_core.o
    0x08004f8e   0x08004f8e   0x0000012e   Code   RO         5284    i.USBD_StdDevReq    usbd_ctlreq.o
    0x080050bc   0x080050bc   0x00000164   Code   RO         5285    i.USBD_StdEPReq     usbd_ctlreq.o
    0x08005220   0x08005220   0x0000007c   Code   RO         5286    i.USBD_StdItfReq    usbd_ctlreq.o
    0x0800529c   0x0800529c   0x00000080   Code   RO         1728    i.USB_ActivateEndpoint  stm32f4xx_ll_usb.o
    0x0800531c   0x0800531c   0x0000001c   Code   RO         1730    i.USB_ActivateSetup  stm32f4xx_ll_usb.o
    0x08005338   0x08005338   0x00000074   Code   RO         1732    i.USB_CoreInit      stm32f4xx_ll_usb.o
    0x080053ac   0x080053ac   0x00000040   Code   RO         1733    i.USB_CoreReset     stm32f4xx_ll_usb.o
    0x080053ec   0x080053ec   0x000000cc   Code   RO         1736    i.USB_DeactivateEndpoint  stm32f4xx_ll_usb.o
    0x080054b8   0x080054b8   0x0000001c   Code   RO         1737    i.USB_DevConnect    stm32f4xx_ll_usb.o
    0x080054d4   0x080054d4   0x0000001c   Code   RO         1738    i.USB_DevDisconnect  stm32f4xx_ll_usb.o
    0x080054f0   0x080054f0   0x00000174   Code   RO         1739    i.USB_DevInit       stm32f4xx_ll_usb.o
    0x08005664   0x08005664   0x0000000c   Code   RO         1740    i.USB_DisableGlobalInt  stm32f4xx_ll_usb.o
    0x08005670   0x08005670   0x0000011c   Code   RO         1743    i.USB_EP0StartXfer  stm32f4xx_ll_usb.o
    0x0800578c   0x0800578c   0x00000058   Code   RO         1744    i.USB_EP0_OutStart  stm32f4xx_ll_usb.o
    0x080057e4   0x080057e4   0x00000058   Code   RO         1745    i.USB_EPClearStall  stm32f4xx_ll_usb.o
    0x0800583c   0x0800583c   0x00000058   Code   RO         1746    i.USB_EPSetStall    stm32f4xx_ll_usb.o
    0x08005894   0x08005894   0x000001e4   Code   RO         1747    i.USB_EPStartXfer   stm32f4xx_ll_usb.o
    0x08005a78   0x08005a78   0x0000009e   Code   RO         1748    i.USB_EPStopXfer    stm32f4xx_ll_usb.o
    0x08005b16   0x08005b16   0x0000000c   Code   RO         1749    i.USB_EnableGlobalInt  stm32f4xx_ll_usb.o
    0x08005b22   0x08005b22   0x00000002   PAD
    0x08005b24   0x08005b24   0x0000003c   Code   RO         1750    i.USB_FlushRxFifo   stm32f4xx_ll_usb.o
    0x08005b60   0x08005b60   0x00000040   Code   RO         1751    i.USB_FlushTxFifo   stm32f4xx_ll_usb.o
    0x08005ba0   0x08005ba0   0x0000001a   Code   RO         1753    i.USB_GetDevSpeed   stm32f4xx_ll_usb.o
    0x08005bba   0x08005bba   0x00000008   Code   RO         1755    i.USB_GetMode       stm32f4xx_ll_usb.o
    0x08005bc2   0x08005bc2   0x0000000e   Code   RO         1762    i.USB_ReadDevAllInEpInterrupt  stm32f4xx_ll_usb.o
    0x08005bd0   0x08005bd0   0x0000000e   Code   RO         1763    i.USB_ReadDevAllOutEpInterrupt  stm32f4xx_ll_usb.o
    0x08005bde   0x08005bde   0x00000024   Code   RO         1764    i.USB_ReadDevInEPInterrupt  stm32f4xx_ll_usb.o
    0x08005c02   0x08005c02   0x00000010   Code   RO         1765    i.USB_ReadDevOutEPInterrupt  stm32f4xx_ll_usb.o
    0x08005c12   0x08005c12   0x00000008   Code   RO         1766    i.USB_ReadInterrupts  stm32f4xx_ll_usb.o
    0x08005c1a   0x08005c1a   0x0000003e   Code   RO         1767    i.USB_ReadPacket    stm32f4xx_ll_usb.o
    0x08005c58   0x08005c58   0x0000005c   Code   RO         1769    i.USB_SetCurrentMode  stm32f4xx_ll_usb.o
    0x08005cb4   0x08005cb4   0x00000022   Code   RO         1770    i.USB_SetDevAddress  stm32f4xx_ll_usb.o
    0x08005cd6   0x08005cd6   0x00000002   PAD
    0x08005cd8   0x08005cd8   0x000000e8   Code   RO         1772    i.USB_SetTurnaroundTime  stm32f4xx_ll_usb.o
    0x08005dc0   0x08005dc0   0x00000028   Code   RO         1775    i.USB_WritePacket   stm32f4xx_ll_usb.o
    0x08005de8   0x08005de8   0x00000002   Code   RO          575    i.UsageFault_Handler  stm32f4xx_it.o
    0x08005dea   0x08005dea   0x00000002   PAD
    0x08005dec   0x08005dec   0x00000030   Code   RO         5724    i.__0snprintf       mc_w.l(printfa.o)
    0x08005e1c   0x08005e1c   0x00000020   Code   RO         2789    i.__NVIC_SetPriority  stm32f4xx_hal_cortex.o
    0x08005e3c   0x08005e3c   0x0000000e   Code   RO         5821    i.__scatterload_copy  mc_w.l(handlers.o)
    0x08005e4a   0x08005e4a   0x00000002   Code   RO         5822    i.__scatterload_null  mc_w.l(handlers.o)
    0x08005e4c   0x08005e4c   0x0000000e   Code   RO         5823    i.__scatterload_zeroinit  mc_w.l(handlers.o)
    0x08005e5a   0x08005e5a   0x00000002   PAD
    0x08005e5c   0x08005e5c   0x00000184   Code   RO         5730    i._fp_digits        mc_w.l(printfa.o)
    0x08005fe0   0x08005fe0   0x000006dc   Code   RO         5731    i._printf_core      mc_w.l(printfa.o)
    0x080066bc   0x080066bc   0x00000024   Code   RO         5732    i._printf_post_padding  mc_w.l(printfa.o)
    0x080066e0   0x080066e0   0x0000002e   Code   RO         5733    i._printf_pre_padding  mc_w.l(printfa.o)
    0x0800670e   0x0800670e   0x00000016   Code   RO         5734    i._snputc           mc_w.l(printfa.o)
    0x08006724   0x08006724   0x0000000c   Code   RO         1078    i.external_handle_cmd  nexlink_app.o
    0x08006730   0x08006730   0x00000050   Code   RO         5751    i.free              mc_w.l(malloc.o)
    0x08006780   0x08006780   0x00000110   Code   RO         1079    i.handle_cmd        nexlink_app.o
    0x08006890   0x08006890   0x00000050   Code   RO         1080    i.handle_frame_start  nexlink_app.o
    0x080068e0   0x080068e0   0x000000a0   Code   RO           17    i.main              main.o
    0x08006980   0x08006980   0x0000006c   Code   RO         5752    i.malloc            mc_w.l(malloc.o)
    0x080069ec   0x080069ec   0x0000001e   Code   RO         1083    i.nexlink_rx_bytes  nexlink_app.o
    0x08006a0a   0x08006a0a   0x00000002   PAD
    0x08006a0c   0x08006a0c   0x00000054   Code   RO         1218    i.nexlink_tx_send   nexlink_tx.o
    0x08006a60   0x08006a60   0x0000000c   Code   RO         1086    i.send_resp_err     nexlink_app.o
    0x08006a6c   0x08006a6c   0x00000060   Code   RO         1087    i.send_resp_internal  nexlink_app.o
    0x08006acc   0x08006acc   0x0000000e   Code   RO         1088    i.send_resp_ok      nexlink_app.o
    0x08006ada   0x08006ada   0x00000004   Code   RO         1181    i.usb_rx_isr        nexlink_usb_if.o
    0x08006ade   0x08006ade   0x00000002   PAD
    0x08006ae0   0x08006ae0   0x00000010   Code   RO         1183    i.usb_tx            nexlink_usb_if.o
    0x08006af0   0x08006af0   0x00000010   Data   RO         1091    .constdata          nexlink_app.o
    0x08006b00   0x08006b00   0x00000008   Data   RO         2506    .constdata          stm32f4xx_hal_dma.o
    0x08006b08   0x08006b08   0x00000010   Data   RO         5059    .constdata          system_stm32f4xx.o
    0x08006b18   0x08006b18   0x00000008   Data   RO         5060    .constdata          system_stm32f4xx.o
    0x08006b20   0x08006b20   0x00000020   Data   RO         5819    Region$$Table       anon$$obj.o


    Execution Region RW_IRAM1 (Exec base: 0x20000000, Load base: 0x08006b40, Size: 0x00006fe8, Max: 0x0001c000, ABSOLUTE, COMPRESSED[0x00000198])

    Exec Addr    Load Addr    Size         Type   Attr      Idx    E Section Name        Object

    0x20000000   COMPRESSED   0x00000008   Data   RW          297    .data               crc.o
    0x20000008   COMPRESSED   0x0000003c   Data   RW          734    .data               usbd_nex_link.o
    0x20000044   COMPRESSED   0x000000f2   Data   RW          735    .data               usbd_nex_link.o
    0x20000136   COMPRESSED   0x00000002   PAD
    0x20000138   COMPRESSED   0x0000005b   Data   RW          850    .data               usbd_cdc.o
    0x20000193   COMPRESSED   0x00000001   PAD
    0x20000194   COMPRESSED   0x0000003c   Data   RW          851    .data               usbd_cdc.o
    0x200001d0   COMPRESSED   0x00000014   Data   RW          949    .data               usbd_cdc_if.o
    0x200001e4   COMPRESSED   0x00000004   Data   RW          950    .data               usbd_cdc_if.o
    0x200001e8   COMPRESSED   0x0000001c   Data   RW         1014    .data               usbd_desc.o
    0x20000204   COMPRESSED   0x00000032   Data   RW         1015    .data               usbd_desc.o
    0x20000236   COMPRESSED   0x00000002   PAD
    0x20000238   COMPRESSED   0x00000014   Data   RW         1092    .data               nexlink_app.o
    0x2000024c   COMPRESSED   0x00000002   Data   RW         1220    .data               nexlink_tx.o
    0x2000024e   COMPRESSED   0x00000002   PAD
    0x20000250   COMPRESSED   0x0000000c   Data   RW         2933    .data               stm32f4xx_hal.o
    0x2000025c   COMPRESSED   0x00000004   Data   RW         5061    .data               system_stm32f4xx.o
    0x20000260   COMPRESSED   0x00000001   Data   RW         5287    .data               usbd_ctlreq.o
    0x20000261   COMPRESSED   0x00000003   PAD
    0x20000264   COMPRESSED   0x0000000e   Data   RW         5423    .data               usbd_composite_builder.o
    0x20000272   COMPRESSED   0x00000002   PAD
    0x20000274   COMPRESSED   0x00000014   Data   RW         5424    .data               usbd_composite_builder.o
    0x20000288   COMPRESSED   0x00000004   Data   RW         5800    .data               mc_w.l(mvars.o)
    0x2000028c   COMPRESSED   0x00000004   Data   RW         5801    .data               mc_w.l(mvars.o)
    0x20000290        -       0x000003e0   Zero   RW           18    .bss                main.o
    0x20000670        -       0x00000010   Zero   RW          363    .bss                rng.o
    0x20000680        -       0x00000020   Zero   RW          407    .bss                rtc.o
    0x200006a0        -       0x00000090   Zero   RW          461    .bss                tim.o
    0x20000730        -       0x00000800   Zero   RW          514    .bss                usart.o
    0x20000f30        -       0x00000104   Zero   RW          515    .bss                usart.o
    0x20001034        -       0x00000048   Zero   RW          685    .bss                stm32f4xx_hal_timebase_tim.o
    0x2000107c        -       0x00000200   Zero   RW          733    .bss                usbd_nex_link.o
    0x2000127c        -       0x00001000   Zero   RW          948    .bss                usbd_cdc_if.o
    0x2000227c        -       0x00000200   Zero   RW         1013    .bss                usbd_desc.o
    0x2000247c        -       0x00000860   Zero   RW         1090    .bss                nexlink_app.o
    0x20002cdc        -       0x00000500   Zero   RW         1219    .bss                nexlink_tx.o
    0x200031dc        -       0x0000050c   Zero   RW         1276    .bss                usbd_conf.o
    0x200036e8        -       0x00000100   Zero   RW         5422    .bss                usbd_composite_builder.o
    0x200037e8        -       0x00000800   Zero   RW            2    HEAP                startup_stm32f407xx.o
    0x20003fe8        -       0x00003000   Zero   RW            1    STACK               startup_stm32f407xx.o


    Execution Region RW_IRAM2 (Exec base: 0x2001c000, Load base: 0x08006cd8, Size: 0x00000000, Max: 0x00004000, ABSOLUTE)

    **** No section assigned to this execution region ****


==============================================================================

Image component sizes


      Code (inc. data)   RO Data    RW Data    ZI Data      Debug   Object Name

        76         18          0          8          0       1627   crc.o
        60          4          0          0          0        834   dma.o
       224         16          0          0          0       1075   gpio.o
       416         84          0          0        992     729355   main.o
       516         26         16         20       2144       8704   nexlink_app.o
        84         12          0          2       1280       1809   nexlink_tx.o
        20          6          0          0          0       1877   nexlink_usb_if.o
        76         18          0          0         16       1627   rng.o
       184         16          0          0         32       1759   rtc.o
        36          8        392          0      14336        860   startup_stm32f407xx.o
       116         18          0         12          0       8898   stm32f4xx_hal.o
       194         24          0          0          0      33921   stm32f4xx_hal_cortex.o
        34          0          0          0          0       1099   stm32f4xx_hal_crc.o
      1084         16          8          0          0       7574   stm32f4xx_hal_dma.o
       506         46          0          0          0       2264   stm32f4xx_hal_gpio.o
        56          4          0          0          0        918   stm32f4xx_hal_msp.o
      2638         12          0          0          0      14080   stm32f4xx_hal_pcd.o
        78          0          0          0          0       2505   stm32f4xx_hal_pcd_ex.o
      1420         88          0          0          0       6577   stm32f4xx_hal_rcc.o
       316         20          0          0          0       1440   stm32f4xx_hal_rcc_ex.o
        50          0          0          0          0       1127   stm32f4xx_hal_rng.o
       676         16          0          0          0       6291   stm32f4xx_hal_rtc.o
      1794        108          0          0          0      15946   stm32f4xx_hal_tim.o
       148         28          0          0          0       2553   stm32f4xx_hal_tim_ex.o
       116         16          0          0         72       1495   stm32f4xx_hal_timebase_tim.o
      1770         30          0          0          0      13718   stm32f4xx_hal_uart.o
        84         36          0          0          0       5913   stm32f4xx_it.o
      2888        134          0          0          0      24779   stm32f4xx_ll_usb.o
        16          4         24          4          0       1199   system_stm32f4xx.o
       376         46          0          0        144       3183   tim.o
       296         28          0          0       2308       2145   usart.o
      1298         32          0        151          0      14067   usbd_cdc.o
       188         32          0         24       4096       4817   usbd_cdc_if.o
       472         20          0         34        256       6952   usbd_composite_builder.o
       818         36          0          0       1292      16816   usbd_conf.o
      1526          4          0          0          0      18440   usbd_core.o
      1450         32          0          1          0      16172   usbd_ctlreq.o
       296        112          0         78        512       6441   usbd_desc.o
       132          0          0          0          0       4704   usbd_ioreq.o
       364         28          0        302        512      11415   usbd_nex_link.o

    ----------------------------------------------------------------------
     22948       1178        472        648      27992    1006976   Object Totals
         0          0         32          0          0          0   (incl. Generated)
        56          0          0         12          0          0   (incl. Padding)

    ----------------------------------------------------------------------

      Code (inc. data)   RO Data    RW Data    ZI Data      Debug   Library Member Name

        86          0          0          0          0          0   __dczerorl2.o
         0          0          0          0          0          0   entry.o
         0          0          0          0          0          0   entry10a.o
         0          0          0          0          0          0   entry11a.o
         8          4          0          0          0          0   entry2.o
         4          0          0          0          0          0   entry5.o
         0          0          0          0          0          0   entry7b.o
         0          0          0          0          0          0   entry8b.o
         8          4          0          0          0          0   entry9a.o
        30          0          0          0          0          0   handlers.o
        36          8          0          0          0         68   init.o
         0          0          0          0          0          0   iusefp.o
        30          0          0          0          0         68   llshl.o
        36          0          0          0          0         68   llsshr.o
        32          0          0          0          0         68   llushr.o
       188         20          0          0          0        160   malloc.o
        36          0          0          0          0         68   memcpya.o
        36          0          0          0          0        108   memseta.o
         0          0          0          8          0          0   mvars.o
      2296         84          0          0          0        520   printfa.o
        44          0          0          0          0         80   uidiv.o
        98          0          0          0          0         92   uldiv.o
        48          0          0          0          0         68   cdrcmple.o
       334          0          0          0          0        148   dadd.o
       222          0          0          0          0        100   ddiv.o
       186          0          0          0          0        176   depilogue.o
        48          0          0          0          0         68   dfixul.o
       228          0          0          0          0         96   dmul.o

    ----------------------------------------------------------------------
      4036        120          0          8          0       1956   Library Totals
         2          0          0          0          0          0   (incl. Padding)

    ----------------------------------------------------------------------

      Code (inc. data)   RO Data    RW Data    ZI Data      Debug   Library Name

      2968        120          0          8          0       1300   mc_w.l
      1066          0          0          0          0        656   mf_w.l

    ----------------------------------------------------------------------
      4036        120          0          8          0       1956   Library Totals

    ----------------------------------------------------------------------

==============================================================================


      Code (inc. data)   RO Data    RW Data    ZI Data      Debug   

     26984       1298        472        656      27992     981376   Grand Totals
     26984       1298        472        408      27992     981376   ELF Image Totals (compressed)
     26984       1298        472        408          0          0   ROM Totals

==============================================================================

    Total RO  Size (Code + RO Data)                27456 (  26.81kB)
    Total RW  Size (RW Data + ZI Data)             28648 (  27.98kB)
    Total ROM Size (Code + RO Data + RW Data)      27864 (  27.21kB)

==============================================================================

